Archive member included to satisfy reference by file (symbol)

c:/program files (x86)/atmel/studio/7.0/toolchain/arm/arm-gnu-toolchain/bin/../lib/gcc/arm-none-eabi/6.3.1/thumb/v7-m\libgcc.a(_arm_addsubdf3.o)
                              PWM.o (__aeabi_dsub)
c:/program files (x86)/atmel/studio/7.0/toolchain/arm/arm-gnu-toolchain/bin/../lib/gcc/arm-none-eabi/6.3.1/thumb/v7-m\libgcc.a(_arm_muldivdf3.o)
                              PWM.o (__aeabi_dmul)
c:/program files (x86)/atmel/studio/7.0/toolchain/arm/arm-gnu-toolchain/bin/../lib/gcc/arm-none-eabi/6.3.1/thumb/v7-m\libgcc.a(_arm_truncdfsf2.o)
                              PWM.o (__aeabi_d2f)
c:/program files (x86)/atmel/studio/7.0/toolchain/arm/arm-gnu-toolchain/bin/../lib/gcc/arm-none-eabi/6.3.1/thumb/v7-m\libgcc.a(_arm_addsubsf3.o)
                              motor.o (__aeabi_i2f)
c:/program files (x86)/atmel/studio/7.0/toolchain/arm/arm-gnu-toolchain/bin/../lib/gcc/arm-none-eabi/6.3.1/thumb/v7-m\libgcc.a(_arm_muldivsf3.o)
                              DAC.o (__aeabi_fmul)
c:/program files (x86)/atmel/studio/7.0/toolchain/arm/arm-gnu-toolchain/bin/../lib/gcc/arm-none-eabi/6.3.1/thumb/v7-m\libgcc.a(_arm_cmpsf2.o)
                              DAC.o (__aeabi_fcmplt)
c:/program files (x86)/atmel/studio/7.0/toolchain/arm/arm-gnu-toolchain/bin/../lib/gcc/arm-none-eabi/6.3.1/thumb/v7-m\libgcc.a(_arm_fixsfsi.o)
                              motor.o (__aeabi_f2iz)
c:/program files (x86)/atmel/studio/7.0/toolchain/arm/arm-gnu-toolchain/bin/../lib/gcc/arm-none-eabi/6.3.1/thumb/v7-m\libgcc.a(_arm_fixunssfsi.o)
                              DAC.o (__aeabi_f2uiz)
c:/program files (x86)/atmel/studio/7.0/toolchain/arm/arm-gnu-toolchain/bin/../lib/gcc/arm-none-eabi/6.3.1/../../../../arm-none-eabi/lib/thumb/v7-m\libc.a(lib_a-exit.o)
                              c:/program files (x86)/atmel/studio/7.0/toolchain/arm/arm-gnu-toolchain/bin/../lib/gcc/arm-none-eabi/6.3.1/../../../../arm-none-eabi/lib/thumb/v7-m/crt0.o (exit)
c:/program files (x86)/atmel/studio/7.0/toolchain/arm/arm-gnu-toolchain/bin/../lib/gcc/arm-none-eabi/6.3.1/../../../../arm-none-eabi/lib/thumb/v7-m\libc.a(lib_a-impure.o)
                              c:/program files (x86)/atmel/studio/7.0/toolchain/arm/arm-gnu-toolchain/bin/../lib/gcc/arm-none-eabi/6.3.1/../../../../arm-none-eabi/lib/thumb/v7-m\libc.a(lib_a-exit.o) (_global_impure_ptr)
c:/program files (x86)/atmel/studio/7.0/toolchain/arm/arm-gnu-toolchain/bin/../lib/gcc/arm-none-eabi/6.3.1/../../../../arm-none-eabi/lib/thumb/v7-m\libc.a(lib_a-init.o)
                              c:/program files (x86)/atmel/studio/7.0/toolchain/arm/arm-gnu-toolchain/bin/../lib/gcc/arm-none-eabi/6.3.1/../../../../arm-none-eabi/lib/thumb/v7-m/crt0.o (__libc_init_array)
c:/program files (x86)/atmel/studio/7.0/toolchain/arm/arm-gnu-toolchain/bin/../lib/gcc/arm-none-eabi/6.3.1/../../../../arm-none-eabi/lib/thumb/v7-m\libc.a(lib_a-memset.o)
                              c:/program files (x86)/atmel/studio/7.0/toolchain/arm/arm-gnu-toolchain/bin/../lib/gcc/arm-none-eabi/6.3.1/../../../../arm-none-eabi/lib/thumb/v7-m/crt0.o (memset)
c:/program files (x86)/atmel/studio/7.0/toolchain/arm/arm-gnu-toolchain/bin/../lib/gcc/arm-none-eabi/6.3.1/../../../../arm-none-eabi/lib/thumb/v7-m\libc.a(lib_a-__call_atexit.o)
                              c:/program files (x86)/atmel/studio/7.0/toolchain/arm/arm-gnu-toolchain/bin/../lib/gcc/arm-none-eabi/6.3.1/../../../../arm-none-eabi/lib/thumb/v7-m\libc.a(lib_a-exit.o) (__call_exitprocs)
c:/program files (x86)/atmel/studio/7.0/toolchain/arm/arm-gnu-toolchain/bin/../lib/gcc/arm-none-eabi/6.3.1/../../../../arm-none-eabi/lib/thumb/v7-m\libc.a(lib_a-atexit.o)
                              c:/program files (x86)/atmel/studio/7.0/toolchain/arm/arm-gnu-toolchain/bin/../lib/gcc/arm-none-eabi/6.3.1/../../../../arm-none-eabi/lib/thumb/v7-m\libc.a(lib_a-__call_atexit.o) (atexit)
c:/program files (x86)/atmel/studio/7.0/toolchain/arm/arm-gnu-toolchain/bin/../lib/gcc/arm-none-eabi/6.3.1/../../../../arm-none-eabi/lib/thumb/v7-m\libc.a(lib_a-fini.o)
                              c:/program files (x86)/atmel/studio/7.0/toolchain/arm/arm-gnu-toolchain/bin/../lib/gcc/arm-none-eabi/6.3.1/../../../../arm-none-eabi/lib/thumb/v7-m\libc.a(lib_a-__call_atexit.o) (__libc_fini_array)
c:/program files (x86)/atmel/studio/7.0/toolchain/arm/arm-gnu-toolchain/bin/../lib/gcc/arm-none-eabi/6.3.1/../../../../arm-none-eabi/lib/thumb/v7-m\libc.a(lib_a-lock.o)
                              c:/program files (x86)/atmel/studio/7.0/toolchain/arm/arm-gnu-toolchain/bin/../lib/gcc/arm-none-eabi/6.3.1/../../../../arm-none-eabi/lib/thumb/v7-m\libc.a(lib_a-__call_atexit.o) (__retarget_lock_acquire_recursive)
c:/program files (x86)/atmel/studio/7.0/toolchain/arm/arm-gnu-toolchain/bin/../lib/gcc/arm-none-eabi/6.3.1/../../../../arm-none-eabi/lib/thumb/v7-m\libc.a(lib_a-__atexit.o)
[...]
Memory Configuration

Name             Origin             Length             Attributes
rom              0x00080000         0x00080000         xr
ram              0x20000000         0x00018000         xrw
*default*        0x00000000         0xffffffff

Linker script and memory map

LOAD c:/program files (x86)/atmel/studio/7.0/toolchain/arm/arm-gnu-toolchain/bin/../lib/gcc/arm-none-eabi/6.3.1/thumb/v7-m/crti.o
LOAD c:/program files (x86)/atmel/studio/7.0/toolchain/arm/arm-gnu-toolchain/bin/../lib/gcc/arm-none-eabi/6.3.1/thumb/v7-m/crtbegin.o
LOAD c:/program files (x86)/atmel/studio/7.0/toolchain/arm/arm-gnu-toolchain/bin/../lib/gcc/arm-none-eabi/6.3.1/../../../../arm-none-eabi/lib/thumb/v7-m/crt0.o
LOAD DAC.o
LOAD ir.o
LOAD can_controller.o
LOAD can_interrupt.o
LOAD Device_Startup/startup_sam3xa.o
LOAD Device_Startup/system_sam3xa.o
LOAD main.o
LOAD motor.o
LOAD printf-stdarg.o
LOAD PWM.o
LOAD uart.o
START GROUP
LOAD c:/program files (x86)/atmel/studio/7.0/toolchain/arm/arm-gnu-toolchain/bin/../lib/gcc/arm-none-eabi/6.3.1/../../../../arm-none-eabi/lib/thumb/v7-m\libm.a
END GROUP
START GROUP
LOAD c:/program files (x86)/atmel/studio/7.0/toolchain/arm/arm-gnu-toolchain/bin/../lib/gcc/arm-none-eabi/6.3.1/thumb/v7-m\libgcc.a
LOAD c:/program files (x86)/atmel/studio/7.0/toolchain/arm/arm-gnu-toolchain/bin/../lib/gcc/arm-none-eabi/6.3.1/../../../../arm-none-eabi/lib/thumb/v7-m\libc.a
END GROUP
LOAD c:/program files (x86)/atmel/studio/7.0/toolchain/arm/arm-gnu-toolchain/bin/../lib/gcc/arm-none-eabi/6.3.1/thumb/v7-m/crtend.o
LOAD c:/program files (x86)/atmel/studio/7.0/toolchain/arm/arm-gnu-toolchain/bin/../lib/gcc/arm-none-eabi/6.3.1/thumb/v7-m/crtn.o
                0x00000400                STACK_SIZE = DEFINED (STACK_SIZE)?STACK_SIZE:0x400
                0x00000200                HEAP_SIZE = DEFINED (HEAP_SIZE)?HEAP_SIZE:0x200

.text           0x00080000     0x13cc
                0x00080000                . = ALIGN (0x4)
                0x00080000                _sfixed = .
 *(.vectors .vectors.*)
 .vectors       0x00080000       0xf4 Device_Startup/startup_sam3xa.o
                0x00080000                exception_table
 *(.text .text.* .gnu.linkonce.t.*)
 .text          0x000800f4       0x6c c:/program files (x86)/atmel/studio/7.0/toolchain/arm/arm-gnu-toolchain/bin/../lib/gcc/arm-none-eabi/6.3.1/thumb/v7-m/crtbegin.o
 .text.DAC_init
                0x00080160       0x3c DAC.o
                0x00080160                DAC_init
 .text.DAC_send_voltage
                0x0008019c       0x5c DAC.o
                0x0008019c                DAC_send_voltage
 .text.adc_init
                0x000801f8       0x40 ir.o
                0x000801f8                adc_init
 .text.can_init
                0x00080238       0xe4 can_controller.o
                0x00080238                can_init
 .text.can_init_def_tx_rx_mb
                0x0008031c       0x10 can_controller.o
                0x0008031c                can_init_def_tx_rx_mb
 .text.can_receive
                0x0008032c       0x84 can_controller.o
                0x0008032c                can_receive
 .text.CAN0_Handler
                0x000803b0       0x70 can_interrupt.o
                0x000803b0                CAN0_Handler
 .text.Dummy_Handler
                0x00080420        0x2 Device_Startup/startup_sam3xa.o
                0x00080420                DACC_Handler
                0x00080420                DebugMon_Handler
                0x00080420                DMAC_Handler
                0x00080420                TRNG_Handler
                0x00080420                HardFault_Handler
                0x00080420                TC2_Handler
                0x00080420                SysTick_Handler
                0x00080420                USART3_Handler
                0x00080420                TWI1_Handler
                0x00080420                PendSV_Handler
                0x00080420                NMI_Handler
                0x00080420                TC7_Handler
                0x00080420                ADC_Handler
                0x00080420                SMC_Handler
                0x00080420                USART0_Handler
                0x00080420                RTT_Handler
                0x00080420                EFC1_Handler
                0x00080420                PIOB_Handler
                0x00080420                RTC_Handler
                0x00080420                UsageFault_Handler
                0x00080420                TC6_Handler
                0x00080420                WDT_Handler
                0x00080420                TC4_Handler
                0x00080420                TC1_Handler
                0x00080420                HSMCI_Handler
                0x00080420                TC3_Handler
                0x00080420                Dummy_Handler
                0x00080420                TWI0_Handler
                0x00080420                USART1_Handler
                0x00080420                PIOA_Handler
                0x00080420                SSC_Handler
                0x00080420                EFC0_Handler
                0x00080420                PMC_Handler
                0x00080420                PWM_Handler
                0x00080420                CAN1_Handler
                0x00080420                MemManage_Handler
                0x00080420                SUPC_Handler
                0x00080420                SVC_Handler
                0x00080420                TC8_Handler
                0x00080420                USART2_Handler
                0x00080420                PIOD_Handler
                0x00080420                EMAC_Handler
                0x00080420                PIOC_Handler
                0x00080420                BusFault_Handler
                0x00080420                RSTC_Handler
                0x00080420                TC0_Handler
                0x00080420                TC5_Handler
                0x00080420                UOTGHS_Handler
                0x00080420                SPI0_Handler
 *fill*         0x00080422        0x2 
 .text.Reset_Handler
                0x00080424       0x6c Device_Startup/startup_sam3xa.o
                0x00080424                Reset_Handler
 .text.SystemInit
                0x00080490       0xa4 Device_Startup/system_sam3xa.o
                0x00080490                SystemInit
 .text.main     0x00080534       0x84 main.o
                0x00080534                main
 .text.delay    0x000805b8       0x38 motor.o
                0x000805b8                delay
 .text.motor_init
                0x000805f0       0x60 motor.o
                0x000805f0                motor_init
 .text.encoder_read
                0x00080650       0x48 motor.o
                0x00080650                encoder_read
 .text.set_positon
                0x00080698       0xdc motor.o
                0x00080698                set_positon
 .text.printchar
                0x00080774       0x10 printf-stdarg.o
 .text.prints   0x00080784       0x84 printf-stdarg.o
 .text.printi   0x00080808       0xac printf-stdarg.o
 .text.print    0x000808b4      0x150 printf-stdarg.o
 .text.printf   0x00080a04       0x24 printf-stdarg.o
                0x00080a04                printf
 .text.pwm_init
                0x00080a28       0x68 PWM.o
                0x00080a28                pwm_init
 .text.configure_uart
                0x00080a90       0x68 uart.o
                0x00080a90                configure_uart
 .text.uart_putchar
                0x00080af8       0x24 uart.o
                0x00080af8                uart_putchar
 .text.UART_Handler
                0x00080b1c       0x68 uart.o
                0x00080b1c                UART_Handler
 .text          0x00080b84      0x21c c:/program files (x86)/atmel/studio/7.0/toolchain/arm/arm-gnu-toolchain/bin/../lib/gcc/arm-none-eabi/6.3.1/thumb/v7-m\libgcc.a(_arm_addsubsf3.o)
                0x00080b84                __aeabi_frsub
                0x00080b8c                __subsf3
                0x00080b8c                __aeabi_fsub
                0x00080b90                __aeabi_fadd
                0x00080b90                __addsf3
                0x00080cf0                __aeabi_ui2f
                0x00080cf0                __floatunsisf
                0x00080cf8                __aeabi_i2f
                0x00080cf8                __floatsisf
                0x00080d14                __aeabi_ul2f
                0x00080d14                __floatundisf
                0x00080d24                __aeabi_l2f
                0x00080d24                __floatdisf
 .text          0x00080da0      0x2a0 c:/program files (x86)/atmel/studio/7.0/toolchain/arm/arm-gnu-toolchain/bin/../lib/gcc/arm-none-eabi/6.3.1/thumb/v7-m\libgcc.a(_arm_muldivsf3.o)
                0x00080da0                __mulsf3
                0x00080da0                __aeabi_fmul
                0x00080f08                __aeabi_fdiv
                0x00080f08                __divsf3
 .text          0x00081040       0xec c:/program files (x86)/atmel/studio/7.0/toolchain/arm/arm-gnu-toolchain/bin/../lib/gcc/arm-none-eabi/6.3.1/thumb/v7-m\libgcc.a(_arm_cmpsf2.o)
                0x00081040                __gesf2
                0x00081040                __gtsf2
                0x00081048                __lesf2
                0x00081048                __ltsf2
                0x00081050                __nesf2
                0x00081050                __eqsf2
                0x00081050                __cmpsf2
                0x000810b0                __aeabi_cfrcmple
                0x000810b8                __aeabi_cfcmpeq
                0x000810b8                __aeabi_cfcmple
                0x000810c8                __aeabi_fcmpeq
                0x000810dc                __aeabi_fcmplt
                0x000810f0                __aeabi_fcmple
                0x00081104                __aeabi_fcmpge
                0x00081118                __aeabi_fcmpgt
 .text          0x0008112c       0x4c c:/program files (x86)/atmel/studio/7.0/toolchain/arm/arm-gnu-toolchain/bin/../lib/gcc/arm-none-eabi/6.3.1/thumb/v7-m\libgcc.a(_arm_fixsfsi.o)
                0x0008112c                __aeabi_f2iz
                0x0008112c                __fixsfsi
 .text          0x00081178       0x40 c:/program files (x86)/atmel/studio/7.0/toolchain/arm/arm-gnu-toolchain/bin/../lib/gcc/arm-none-eabi/6.3.1/thumb/v7-m\libgcc.a(_arm_fixunssfsi.o)
                0x00081178                __fixunssfsi
                0x00081178                __aeabi_f2uiz
 .text.__libc_init_array
                0x000811b8       0x50 c:/program files (x86)/atmel/studio/7.0/toolchain/arm/arm-gnu-toolchain/bin/../lib/gcc/arm-none-eabi/6.3.1/../../../../arm-none-eabi/lib/thumb/v7-m\libc.a(lib_a-init.o)
                0x000811b8                __libc_init_array
 .text.startup.register_fini
                0x00081208       0x14 c:/program files (x86)/atmel/studio/7.0/toolchain/arm/arm-gnu-toolchain/bin/../lib/gcc/arm-none-eabi/6.3.1/../../../../arm-none-eabi/lib/thumb/v7-m\libc.a(lib_a-__call_atexit.o)
 .text.atexit   0x0008121c        0xc c:/program files (x86)/atmel/studio/7.0/toolchain/arm/arm-gnu-toolchain/bin/../lib/gcc/arm-none-eabi/6.3.1/../../../../arm-none-eabi/lib/thumb/v7-m\libc.a(lib_a-atexit.o)
                0x0008121c                atexit
 .text.__libc_fini_array
                0x00081228       0x34 c:/program files (x86)/atmel/studio/7.0/toolchain/arm/arm-gnu-toolchain/bin/../lib/gcc/arm-none-eabi/6.3.1/../../../../arm-none-eabi/lib/thumb/v7-m\libc.a(lib_a-fini.o)
                0x00081228                __libc_fini_array
 .text.__retarget_lock_acquire_recursive
                0x0008125c        0x4 c:/program files (x86)/atmel/studio/7.0/toolchain/arm/arm-gnu-toolchain/bin/../lib/gcc/arm-none-eabi/6.3.1/../../../../arm-none-eabi/lib/thumb/v7-m\libc.a(lib_a-lock.o)
                0x0008125c                __retarget_lock_acquire_recursive
 .text.__retarget_lock_release_recursive
                0x00081260        0x4 c:/program files (x86)/atmel/studio/7.0/toolchain/arm/arm-gnu-toolchain/bin/../lib/gcc/arm-none-eabi/6.3.1/../../../../arm-none-eabi/lib/thumb/v7-m\libc.a(lib_a-lock.o)
                0x00081260                __retarget_lock_release_recursive
 .text.__register_exitproc
                0x00081264       0xc4 c:/program files (x86)/atmel/studio/7.0/toolchain/arm/arm-gnu-toolchain/bin/../lib/gcc/arm-none-eabi/6.3.1/../../../../arm-none-eabi/lib/thumb/v7-m\libc.a(lib_a-__atexit.o)
                0x00081264                __register_exitproc
 *(.glue_7t)
 .glue_7t       0x00081328        0x0 linker stubs
 *(.glue_7)
 .glue_7        0x00081328        0x0 linker stubs
 *(.rodata .rodata* .gnu.linkonce.r.*)
 .rodata.str1.4
                0x00081328       0x2b can_interrupt.o
 *fill*         0x00081353        0x1 
 .rodata.str1.4
                0x00081354       0x27 motor.o
 *fill*         0x0008137b        0x1 
 .rodata.str1.4
                0x0008137c        0x7 printf-stdarg.o
 *fill*         0x00081383        0x1 
 .rodata.str1.4
                0x00081384       0x20 uart.o
                                 0x1e (size before relaxing)
 .rodata._global_impure_ptr
                0x000813a4        0x4 c:/program files (x86)/atmel/studio/7.0/toolchain/arm/arm-gnu-toolchain/bin/../lib/gcc/arm-none-eabi/6.3.1/../../../../arm-none-eabi/lib/thumb/v7-m\libc.a(lib_a-impure.o)
                0x000813a4                _global_impure_ptr
 *(.ARM.extab* .gnu.linkonce.armextab.*)
                0x000813a8                . = ALIGN (0x4)
 *(.init)
 .init          0x000813a8        0x4 c:/program files (x86)/atmel/studio/7.0/toolchain/arm/arm-gnu-toolchain/bin/../lib/gcc/arm-none-eabi/6.3.1/thumb/v7-m/crti.o
                0x000813a8                _init
 .init          0x000813ac        0x8 c:/program files (x86)/atmel/studio/7.0/toolchain/arm/arm-gnu-toolchain/bin/../lib/gcc/arm-none-eabi/6.3.1/thumb/v7-m/crtn.o
                0x000813b4                . = ALIGN (0x4)
                0x000813b4                __preinit_array_start = .
 *(.preinit_array)
                0x000813b4                __preinit_array_end = .
                0x000813b4                . = ALIGN (0x4)
                0x000813b4                __init_array_start = .
 *(SORT(.init_array.*))
 .init_array.00000
                0x000813b4        0x4 c:/program files (x86)/atmel/studio/7.0/toolchain/arm/arm-gnu-toolchain/bin/../lib/gcc/arm-none-eabi/6.3.1/../../../../arm-none-eabi/lib/thumb/v7-m\libc.a(lib_a-__call_atexit.o)
 *(.init_array)
 .init_array    0x000813b8        0x4 c:/program files (x86)/atmel/studio/7.0/toolchain/arm/arm-gnu-toolchain/bin/../lib/gcc/arm-none-eabi/6.3.1/thumb/v7-m/crtbegin.o
                0x000813bc                __init_array_end = .
                0x000813bc                . = ALIGN (0x4)
 *crtbegin.o(.ctors)
 *(EXCLUDE_FILE(*crtend.o) .ctors)
 *(SORT(.ctors.*))
 *crtend.o(.ctors)
                0x000813bc                . = ALIGN (0x4)
 *(.fini)
 .fini          0x000813bc        0x4 c:/program files (x86)/atmel/studio/7.0/toolchain/arm/arm-gnu-toolchain/bin/../lib/gcc/arm-none-eabi/6.3.1/thumb/v7-m/crti.o
                0x000813bc                _fini
 .fini          0x000813c0        0x8 c:/program files (x86)/atmel/studio/7.0/toolchain/arm/arm-gnu-toolchain/bin/../lib/gcc/arm-none-eabi/6.3.1/thumb/v7-m/crtn.o
                0x000813c8                . = ALIGN (0x4)
                0x000813c8                __fini_array_start = .
 *(.fini_array)
 .fini_array    0x000813c8        0x4 c:/program files (x86)/atmel/studio/7.0/toolchain/arm/arm-gnu-toolchain/bin/../lib/gcc/arm-none-eabi/6.3.1/thumb/v7-m/crtbegin.o
 *(SORT(.fini_array.*))
                0x000813cc                __fini_array_end = .
 *crtbegin.o(.dtors)
 *(EXCLUDE_FILE(*crtend.o) .dtors)
 *(SORT(.dtors.*))
 *crtend.o(.dtors)
                0x000813cc                . = ALIGN (0x4)
                0x000813cc                _efixed = .
                [!provide]                PROVIDE (__exidx_start, .)

.vfp11_veneer   0x000813cc        0x0
 .vfp11_veneer  0x000813cc        0x0 linker stubs

.v4_bx          0x000813cc        0x0
 .v4_bx         0x000813cc        0x0 linker stubs

.iplt           0x000813cc        0x0
 .iplt          0x000813cc        0x0 c:/program files (x86)/atmel/studio/7.0/toolchain/arm/arm-gnu-toolchain/bin/../lib/gcc/arm-none-eabi/6.3.1/thumb/v7-m/crtbegin.o

.eh_frame       0x000813cc        0x0
 .eh_frame      0x000813cc        0x0 c:/program files (x86)/atmel/studio/7.0/toolchain/arm/arm-gnu-toolchain/bin/../lib/gcc/arm-none-eabi/6.3.1/thumb/v7-m/crtbegin.o

.rel.dyn        0x000813cc        0x0
 .rel.iplt      0x000813cc        0x0 c:/program files (x86)/atmel/studio/7.0/toolchain/arm/arm-gnu-toolchain/bin/../lib/gcc/arm-none-eabi/6.3.1/thumb/v7-m/crtbegin.o

.jcr            0x000813cc        0x0
 .jcr           0x000813cc        0x0 c:/program files (x86)/atmel/studio/7.0/toolchain/arm/arm-gnu-toolchain/bin/../lib/gcc/arm-none-eabi/6.3.1/thumb/v7-m/crtbegin.o

.igot.plt       0x000813cc        0x0
 .igot.plt      0x000813cc        0x0 c:/program files (x86)/atmel/studio/7.0/toolchain/arm/arm-gnu-toolchain/bin/../lib/gcc/arm-none-eabi/6.3.1/thumb/v7-m/crtbegin.o

.ARM.exidx
 *(.ARM.exidx* .gnu.linkonce.armexidx.*)
                [!provide]                PROVIDE (__exidx_end, .)
                0x000813cc                . = ALIGN (0x4)
                0x000813cc                _etext = .

.relocate       0x20000000      0x434 load address 0x000813cc
                0x20000000                . = ALIGN (0x4)
                0x20000000                _srelocate = .
 *(.ramfunc .ramfunc.*)
 *(.data .data.*)
 .data          0x20000000        0x4 Device_Startup/system_sam3xa.o
                0x20000000                SystemCoreClock
 *fill*         0x20000004        0x4 
 .data.impure_data
                0x20000008      0x428 c:/program files (x86)/atmel/studio/7.0/toolchain/arm/arm-gnu-toolchain/bin/../lib/gcc/arm-none-eabi/6.3.1/../../../../arm-none-eabi/lib/thumb/v7-m\libc.a(lib_a-impure.o)
 .data.__atexit_recursive_mutex
                0x20000430        0x4 c:/program files (x86)/atmel/studio/7.0/toolchain/arm/arm-gnu-toolchain/bin/../lib/gcc/arm-none-eabi/6.3.1/../../../../arm-none-eabi/lib/thumb/v7-m\libc.a(lib_a-__call_atexit.o)
                0x20000430                __atexit_recursive_mutex
                0x20000434                . = ALIGN (0x4)
                0x20000434                _erelocate = .

.bss            0x20000434       0x84 load address 0x00081800
                0x20000434                . = ALIGN (0x4)
                0x20000434                _sbss = .
                0x20000434                _szero = .
 *(.bss .bss.*)
 .bss           0x20000434       0x1c c:/program files (x86)/atmel/studio/7.0/toolchain/arm/arm-gnu-toolchain/bin/../lib/gcc/arm-none-eabi/6.3.1/thumb/v7-m/crtbegin.o
 *(COMMON)
 COMMON         0x20000450       0x42 uart.o
                0x20000450                rx_buffer
 *fill*         0x20000492        0x2 
 COMMON         0x20000494       0x21 c:/program files (x86)/atmel/studio/7.0/toolchain/arm/arm-gnu-toolchain/bin/../lib/gcc/arm-none-eabi/6.3.1/../../../../arm-none-eabi/lib/thumb/v7-m\libc.a(lib_a-lock.o)
                0x20000494                __lock___atexit_recursive_mutex
                0x20000498                __lock___arc4random_mutex
                0x2000049c                __lock___env_recursive_mutex
                0x200004a0                __lock___sinit_recursive_mutex
                0x200004a4                __lock___malloc_recursive_mutex
                0x200004a8                __lock___at_quick_exit_mutex
                0x200004ac                __lock___dd_hash_mutex
                0x200004b0                __lock___tz_mutex
                0x200004b4                __lock___sfp_recursive_mutex
                0x200004b8                . = ALIGN (0x4)
 *fill*         0x200004b5        0x3 
                0x200004b8                _ebss = .
                0x200004b8                _ezero = .

.stack          0x200004b8      0x400 load address 0x00081884
                0x200004b8                . = ALIGN (0x8)
                0x200004b8                _sstack = .
                0x200008b8                . = (. + STACK_SIZE)
 *fill*         0x200004b8      0x400 
                0x200008b8                . = ALIGN (0x8)
                0x200008b8                _estack = .

.heap           0x200008b8      0x200 load address 0x00081c84
                0x200008b8                . = ALIGN (0x8)
                0x200008b8                _sheap = .
                0x20000ab8                . = (. + HEAP_SIZE)
 *fill*         0x200008b8      0x200 
                0x20000ab8                . = ALIGN (0x8)
                0x20000ab8                _eheap = .
                0x20000ab8                . = ALIGN (0x4)
                0x20000ab8                _end = .
                0x20017fff                _ram_end_ = ((ORIGIN (ram) + LENGTH (ram)) - 0x1)
OUTPUT(node2.elf elf32-littlearm)

.ARM.attributes
                0x00000000       0x29
 .ARM.attributes
                0x00000000       0x1d c:/program files (x86)/atmel/studio/7.0/toolchain/arm/arm-gnu-toolchain/bin/../lib/gcc/arm-none-eabi/6.3.1/thumb/v7-m/crti.o
 .ARM.attributes
                0x0000001d       0x2d c:/program files (x86)/atmel/studio/7.0/toolchain/arm/arm-gnu-toolchain/bin/../lib/gcc/arm-none-eabi/6.3.1/thumb/v7-m/crtbegin.o
 .ARM.attributes
                0x0000004a       0x33 DAC.o
 .ARM.attributes
                0x0000007d       0x33 ir.o
 .ARM.attributes
                0x000000b0       0x33 can_controller.o
 .ARM.attributes
                0x000000e3       0x33 can_interrupt.o
 .ARM.attributes
                0x00000116       0x33 Device_Startup/startup_sam3xa.o
 .ARM.attributes
                0x00000149       0x33 Device_Startup/system_sam3xa.o
 .ARM.attributes
                0x0000017c       0x33 main.o
 .ARM.attributes
                0x000001af       0x33 motor.o
 .ARM.attributes
                0x000001e2       0x33 printf-stdarg.o
 .ARM.attributes
                0x00000215       0x33 PWM.o
 .ARM.attributes
                0x00000248       0x33 uart.o
 .ARM.attributes
                0x0000027b       0x1d c:/program files (x86)/atmel/studio/7.0/toolchain/arm/arm-gnu-toolchain/bin/../lib/gcc/arm-none-eabi/6.3.1/thumb/v7-m\libgcc.a(_arm_addsubsf3.o)
 .ARM.attributes
                0x00000298       0x1d c:/program files (x86)/atmel/studio/7.0/toolchain/arm/arm-gnu-toolchain/bin/../lib/gcc/arm-none-eabi/6.3.1/thumb/v7-m\libgcc.a(_arm_muldivsf3.o)
 .ARM.attributes
                0x000002b5       0x1d c:/program files (x86)/atmel/studio/7.0/toolchain/arm/arm-gnu-toolchain/bin/../lib/gcc/arm-none-eabi/6.3.1/thumb/v7-m\libgcc.a(_arm_cmpsf2.o)
 .ARM.attributes
                0x000002d2       0x1d c:/program files (x86)/atmel/studio/7.0/toolchain/arm/arm-gnu-toolchain/bin/../lib/gcc/arm-none-eabi/6.3.1/thumb/v7-m\libgcc.a(_arm_fixsfsi.o)
 .ARM.attributes
                0x000002ef       0x1d c:/program files (x86)/atmel/studio/7.0/toolchain/arm/arm-gnu-toolchain/bin/../lib/gcc/arm-none-eabi/6.3.1/thumb/v7-m\libgcc.a(_arm_fixunssfsi.o)
 .ARM.attributes
                0x0000030c       0x2d c:/program files (x86)/atmel/studio/7.0/toolchain/arm/arm-gnu-toolchain/bin/../lib/gcc/arm-none-eabi/6.3.1/../../../../arm-none-eabi/lib/thumb/v7-m\libc.a(lib_a-impure.o)
 .ARM.attributes
                0x00000339       0x2d c:/program files (x86)/atmel/studio/7.0/toolchain/arm/arm-gnu-toolchain/bin/../lib/gcc/arm-none-eabi/6.3.1/../../../../arm-none-eabi/lib/thumb/v7-m\libc.a(lib_a-init.o)
 .ARM.attributes
                0x00000366       0x2d c:/program files (x86)/atmel/studio/7.0/toolchain/arm/arm-gnu-toolchain/bin/../lib/gcc/arm-none-eabi/6.3.1/../../../../arm-none-eabi/lib/thumb/v7-m\libc.a(lib_a-__call_atexit.o)
 .ARM.attributes
                0x00000393       0x2d c:/program files (x86)/atmel/studio/7.0/toolchain/arm/arm-gnu-toolchain/bin/../lib/gcc/arm-none-eabi/6.3.1/../../../../arm-none-eabi/lib/thumb/v7-m\libc.a(lib_a-atexit.o)
 .ARM.attributes
                0x000003c0       0x2d c:/program files (x86)/atmel/studio/7.0/toolchain/arm/arm-gnu-toolchain/bin/../lib/gcc/arm-none-eabi/6.3.1/../../../../arm-none-eabi/lib/thumb/v7-m\libc.a(lib_a-fini.o)
 .ARM.attributes
                0x000003ed       0x2d c:/program files (x86)/atmel/studio/7.0/toolchain/arm/arm-gnu-toolchain/bin/../lib/gcc/arm-none-eabi/6.3.1/../../../../arm-none-eabi/lib/thumb/v7-m\libc.a(lib_a-lock.o)
 .ARM.attributes
                0x0000041a       0x2d c:/program files (x86)/atmel/studio/7.0/toolchain/arm/arm-gnu-toolchain/bin/../lib/gcc/arm-none-eabi/6.3.1/../../../../arm-none-eabi/lib/thumb/v7-m\libc.a(lib_a-__atexit.o)
 .ARM.attributes
                0x00000447       0x1d c:/program files (x86)/atmel/studio/7.0/toolchain/arm/arm-gnu-toolchain/bin/../lib/gcc/arm-none-eabi/6.3.1/thumb/v7-m/crtn.o

.comment        0x00000000       0x59
 .comment       0x00000000       0x59 DAC.o
                                 0x5a (size before relaxing)
 .comment       0x00000059       0x5a ir.o
 .comment       0x00000059       0x5a can_controller.o
 .comment       0x00000059       0x5a can_interrupt.o
 .comment       0x00000059       0x5a Device_Startup/startup_sam3xa.o
 .comment       0x00000059       0x5a Device_Startup/system_sam3xa.o
 .comment       0x00000059       0x5a main.o
 .comment       0x00000059       0x5a motor.o
 .comment       0x00000059       0x5a printf-stdarg.o
 .comment       0x00000059       0x5a PWM.o
 .comment       0x00000059       0x5a uart.o

.debug_info     0x00000000     0x857d
 .debug_info    0x00000000      0xeae DAC.o
 .debug_info    0x00000eae      0xf20 ir.o
 .debug_info    0x00001dce      0xd68 can_controller.o
 .debug_info    0x00002b36      0xf81 can_interrupt.o
 .debug_info    0x00003ab7      0x74e Device_Startup/startup_sam3xa.o
 .debug_info    0x00004205      0x444 Device_Startup/system_sam3xa.o
 .debug_info    0x00004649      0xf41 main.o
 .debug_info    0x0000558a     0x11c2 motor.o
 .debug_info    0x0000674c      0x60b printf-stdarg.o
 .debug_info    0x00006d57      0xbdb PWM.o
 .debug_info    0x00007932      0xc4b uart.o

.debug_abbrev   0x00000000     0x14d9
 .debug_abbrev  0x00000000      0x1ee DAC.o
 .debug_abbrev  0x000001ee      0x215 ir.o
 .debug_abbrev  0x00000403      0x212 can_controller.o
 .debug_abbrev  0x00000615      0x2bb can_interrupt.o
 .debug_abbrev  0x000008d0      0x153 Device_Startup/startup_sam3xa.o
 .debug_abbrev  0x00000a23      0x102 Device_Startup/system_sam3xa.o
 .debug_abbrev  0x00000b25      0x218 main.o
 .debug_abbrev  0x00000d3d      0x2a5 motor.o
 .debug_abbrev  0x00000fe2      0x194 printf-stdarg.o
 .debug_abbrev  0x00001176      0x128 PWM.o
 .debug_abbrev  0x0000129e      0x23b uart.o

.debug_loc      0x00000000     0x112c
 .debug_loc     0x00000000       0x51 DAC.o
 .debug_loc     0x00000051       0x33 ir.o
 .debug_loc     0x00000084      0x2b5 can_controller.o
 .debug_loc     0x00000339       0x7f can_interrupt.o
 .debug_loc     0x000003b8       0x78 Device_Startup/startup_sam3xa.o
 .debug_loc     0x00000430       0x2c main.o
 .debug_loc     0x0000045c      0x207 motor.o
 .debug_loc     0x00000663      0x8d2 printf-stdarg.o
 .debug_loc     0x00000f35      0x129 PWM.o
 .debug_loc     0x0000105e       0xce uart.o

.debug_aranges  0x00000000      0x210
 .debug_aranges
                0x00000000       0x28 DAC.o
 .debug_aranges
                0x00000028       0x30 ir.o
 .debug_aranges
                0x00000058       0x38 can_controller.o
 .debug_aranges
                0x00000090       0x20 can_interrupt.o
 .debug_aranges
                0x000000b0       0x28 Device_Startup/startup_sam3xa.o
 .debug_aranges
                0x000000d8       0x30 Device_Startup/system_sam3xa.o
 .debug_aranges
                0x00000108       0x20 main.o
 .debug_aranges
                0x00000128       0x38 motor.o
 .debug_aranges
                0x00000160       0x50 printf-stdarg.o
 .debug_aranges
                0x000001b0       0x28 PWM.o
 .debug_aranges
                0x000001d8       0x38 uart.o

.debug_ranges   0x00000000      0x1a8
 .debug_ranges  0x00000000       0x18 DAC.o
 .debug_ranges  0x00000018       0x38 ir.o
 .debug_ranges  0x00000050       0x28 can_controller.o
 .debug_ranges  0x00000078       0x28 can_interrupt.o
 .debug_ranges  0x000000a0       0x18 Device_Startup/startup_sam3xa.o
 .debug_ranges  0x000000b8       0x20 Device_Startup/system_sam3xa.o
 .debug_ranges  0x000000d8       0x10 main.o
 .debug_ranges  0x000000e8       0x28 motor.o
 .debug_ranges  0x00000110       0x58 printf-stdarg.o
 .debug_ranges  0x00000168       0x18 PWM.o
 .debug_ranges  0x00000180       0x28 uart.o

.debug_macro    0x00000000    0x1342f
 .debug_macro   0x00000000      0x4c3 DAC.o
 .debug_macro   0x000004c3      0x8b0 DAC.o
 .debug_macro   0x00000d73       0x22 DAC.o
 .debug_macro   0x00000d95       0x52 DAC.o
 .debug_macro   0x00000de7       0x8d DAC.o
 .debug_macro   0x00000e74       0x35 DAC.o
 .debug_macro   0x00000ea9       0x9c DAC.o
 .debug_macro   0x00000f45       0x16 DAC.o
 .debug_macro   0x00000f5b       0x57 DAC.o
 .debug_macro   0x00000fb2       0x97 DAC.o
 .debug_macro   0x00001049      0x353 DAC.o
 .debug_macro   0x0000139c       0xf6 DAC.o
 .debug_macro   0x00001492       0x10 DAC.o
 .debug_macro   0x000014a2       0x58 DAC.o
 .debug_macro   0x000014fa       0x1f DAC.o
 .debug_macro   0x00001519       0x43 DAC.o
 .debug_macro   0x0000155c       0x20 DAC.o
 .debug_macro   0x0000157c      0x187 DAC.o
 .debug_macro   0x00001703       0x10 DAC.o
 .debug_macro   0x00001713       0x6a DAC.o
 .debug_macro   0x0000177d       0x1c DAC.o
 .debug_macro   0x00001799       0x52 DAC.o
 .debug_macro   0x000017eb       0x40 DAC.o
 .debug_macro   0x0000182b       0x10 DAC.o
 .debug_macro   0x0000183b       0x40 DAC.o
 .debug_macro   0x0000187b       0xd7 DAC.o
 .debug_macro   0x00001952       0x16 DAC.o
 .debug_macro   0x00001968      0x18b DAC.o
 .debug_macro   0x00001af3       0xef DAC.o
 .debug_macro   0x00001be2      0x1df DAC.o
 .debug_macro   0x00001dc1       0x20 DAC.o
 .debug_macro   0x00001de1       0x1c DAC.o
 .debug_macro   0x00001dfd       0x22 DAC.o
 .debug_macro   0x00001e1f       0xbd DAC.o
 .debug_macro   0x00001edc      0xe49 DAC.o
 .debug_macro   0x00002d25      0x11f DAC.o
 .debug_macro   0x00002e44      0xa7d DAC.o
 .debug_macro   0x000038c1      0x55a DAC.o
 .debug_macro   0x00003e1b      0x1a8 DAC.o
 .debug_macro   0x00003fc3      0x30b DAC.o
 .debug_macro   0x000042ce      0x709 DAC.o
 .debug_macro   0x000049d7       0xd6 DAC.o
 .debug_macro   0x00004aad      0x56c DAC.o
 .debug_macro   0x00005019       0x1c DAC.o
 .debug_macro   0x00005035      0x678 DAC.o
 .debug_macro   0x000056ad      0x51e DAC.o
 .debug_macro   0x00005bcb       0xbe DAC.o
 .debug_macro   0x00005c89     0x2333 DAC.o
 .debug_macro   0x00007fbc      0x7d1 DAC.o
 .debug_macro   0x0000878d      0xdbb DAC.o
 .debug_macro   0x00009548       0x9a DAC.o
 .debug_macro   0x000095e2      0x29c DAC.o
 .debug_macro   0x0000987e       0x58 DAC.o
 .debug_macro   0x000098d6      0x999 DAC.o
 .debug_macro   0x0000a26f      0x22d DAC.o
 .debug_macro   0x0000a49c      0x4b4 DAC.o
 .debug_macro   0x0000a950      0x64a DAC.o
 .debug_macro   0x0000af9a      0x590 DAC.o
 .debug_macro   0x0000b52a       0x46 DAC.o
 .debug_macro   0x0000b570      0x33f DAC.o
 .debug_macro   0x0000b8af      0x27e DAC.o
 .debug_macro   0x0000bb2d     0x14dc DAC.o
 .debug_macro   0x0000d009      0x7cf DAC.o
 .debug_macro   0x0000d7d8       0x76 DAC.o
 .debug_macro   0x0000d84e       0x82 DAC.o
 .debug_macro   0x0000d8d0       0x76 DAC.o
 .debug_macro   0x0000d946       0x4c DAC.o
 .debug_macro   0x0000d992      0x100 DAC.o
 .debug_macro   0x0000da92      0x100 DAC.o
 .debug_macro   0x0000db92      0x100 DAC.o
 .debug_macro   0x0000dc92       0x88 DAC.o
 .debug_macro   0x0000dd1a       0x88 DAC.o
 .debug_macro   0x0000dda2      0x3b4 DAC.o
 .debug_macro   0x0000e156       0xbe DAC.o
 .debug_macro   0x0000e214       0xbe DAC.o
 .debug_macro   0x0000e2d2       0xbe DAC.o
 .debug_macro   0x0000e390       0xbe DAC.o
 .debug_macro   0x0000e44e      0x2b8 DAC.o
 .debug_macro   0x0000e706      0x118 DAC.o
 .debug_macro   0x0000e81e      0x216 DAC.o
 .debug_macro   0x0000ea34      0x216 DAC.o
 .debug_macro   0x0000ec4a       0x2e DAC.o
 .debug_macro   0x0000ec78       0xac DAC.o
 .debug_macro   0x0000ed24      0x13e DAC.o
 .debug_macro   0x0000ee62       0x7c DAC.o
 .debug_macro   0x0000eede      0x1f6 DAC.o
 .debug_macro   0x0000f0d4       0x64 DAC.o
 .debug_macro   0x0000f138       0xa6 DAC.o
 .debug_macro   0x0000f1de       0x7c DAC.o
 .debug_macro   0x0000f25a       0x16 DAC.o
 .debug_macro   0x0000f270       0x22 DAC.o
 .debug_macro   0x0000f292       0x22 DAC.o
 .debug_macro   0x0000f2b4      0x10c DAC.o
 .debug_macro   0x0000f3c0      0x10c DAC.o
 .debug_macro   0x0000f4cc      0x10c DAC.o
 .debug_macro   0x0000f5d8      0x10c DAC.o
 .debug_macro   0x0000f6e4       0x1c DAC.o
 .debug_macro   0x0000f700       0x2e DAC.o
 .debug_macro   0x0000f72e       0x22 DAC.o
 .debug_macro   0x0000f750       0x1c DAC.o
 .debug_macro   0x0000f76c       0x58 DAC.o
 .debug_macro   0x0000f7c4       0x10 DAC.o
 .debug_macro   0x0000f7d4      0x27a DAC.o
 .debug_macro   0x0000fa4e      0xd34 DAC.o
 .debug_macro   0x00010782      0x170 DAC.o
 .debug_macro   0x000108f2      0x4c3 ir.o
 .debug_macro   0x00010db5      0x37f can_controller.o
 .debug_macro   0x00011134       0x87 can_controller.o
 .debug_macro   0x000111bb       0x51 can_controller.o
 .debug_macro   0x0001120c       0x26 can_controller.o
 .debug_macro   0x00011232       0xc3 can_controller.o
 .debug_macro   0x000112f5      0x4dd can_interrupt.o
 .debug_macro   0x000117d2      0x371 Device_Startup/startup_sam3xa.o
 .debug_macro   0x00011b43      0x383 Device_Startup/system_sam3xa.o
 .debug_macro   0x00011ec6      0x503 main.o
 .debug_macro   0x000123c9       0x10 main.o
 .debug_macro   0x000123d9       0x58 main.o
 .debug_macro   0x00012431      0x34d main.o
 .debug_macro   0x0001277e       0x10 main.o
 .debug_macro   0x0001278e      0x4cc motor.o
 .debug_macro   0x00012c5a       0x8e printf-stdarg.o
 .debug_macro   0x00012ce8       0x58 printf-stdarg.o
 .debug_macro   0x00012d40      0x37b PWM.o
 .debug_macro   0x000130bb      0x374 uart.o

.debug_line     0x00000000     0x52d7
 .debug_line    0x00000000      0x828 DAC.o
 .debug_line    0x00000828      0x847 ir.o
 .debug_line    0x0000106f      0x7de can_controller.o
 .debug_line    0x0000184d      0x87f can_interrupt.o
 .debug_line    0x000020cc      0x728 Device_Startup/startup_sam3xa.o
 .debug_line    0x000027f4      0x785 Device_Startup/system_sam3xa.o
 .debug_line    0x00002f79      0x872 main.o
 .debug_line    0x000037eb      0x899 motor.o
 .debug_line    0x00004084      0x3cb printf-stdarg.o
 .debug_line    0x0000444f      0x71f PWM.o
 .debug_line    0x00004b6e      0x769 uart.o

.debug_str      0x00000000    0x55442
 .debug_str     0x00000000    0x54076 DAC.o
                              0x542e7 (size before relaxing)
 .debug_str     0x00054076      0x10e ir.o
                              0x542ec (size before relaxing)
 .debug_str     0x00054184      0x647 can_controller.o
                              0x506e4 (size before relaxing)
 .debug_str     0x000547cb       0x59 can_interrupt.o
                              0x54511 (size before relaxing)
 .debug_str     0x00054824      0x506 Device_Startup/startup_sam3xa.o
                              0x504ce (size before relaxing)
 .debug_str     0x00054d2a      0x195 Device_Startup/system_sam3xa.o
                              0x50261 (size before relaxing)
 .debug_str     0x00054ebf       0xb2 main.o
                              0x54417 (size before relaxing)
 .debug_str     0x00054f71       0x42 motor.o
                              0x54451 (size before relaxing)
 .debug_str     0x00054fb3      0x17a printf-stdarg.o
                               0x3654 (size before relaxing)
 .debug_str     0x0005512d      0x212 PWM.o
                              0x504aa (size before relaxing)
 .debug_str     0x0005533f      0x103 uart.o
                              0x506ab (size before relaxing)

.debug_frame    0x00000000      0x76c
 .debug_frame   0x00000000       0x38 DAC.o
 .debug_frame   0x00000038       0x48 ir.o
 .debug_frame   0x00000080       0x80 can_controller.o
 .debug_frame   0x00000100       0x30 can_interrupt.o
 .debug_frame   0x00000130       0x38 Device_Startup/startup_sam3xa.o
 .debug_frame   0x00000168       0x40 Device_Startup/system_sam3xa.o
 .debug_frame   0x000001a8       0x28 main.o
 .debug_frame   0x000001d0       0x90 motor.o
 .debug_frame   0x00000260      0x124 printf-stdarg.o
 .debug_frame   0x00000384       0x3c PWM.o
 .debug_frame   0x000003c0       0x58 uart.o
 .debug_frame   0x00000418       0x4c c:/program files (x86)/atmel/studio/7.0/toolchain/arm/arm-gnu-toolchain/bin/../lib/gcc/arm-none-eabi/6.3.1/thumb/v7-m\libgcc.a(_arm_addsubsf3.o)
 .debug_frame   0x00000464       0x38 c:/program files (x86)/atmel/studio/7.0/toolchain/arm/arm-gnu-toolchain/bin/../lib/gcc/arm-none-eabi/6.3.1/thumb/v7-m\libgcc.a(_arm_muldivsf3.o)
 .debug_frame   0x0000049c       0xc8 c:/program files (x86)/atmel/studio/7.0/toolchain/arm/arm-gnu-toolchain/bin/../lib/gcc/arm-none-eabi/6.3.1/thumb/v7-m\libgcc.a(_arm_cmpsf2.o)
 .debug_frame   0x00000564       0x24 c:/program files (x86)/atmel/studio/7.0/toolchain/arm/arm-gnu-toolchain/bin/../lib/gcc/arm-none-eabi/6.3.1/thumb/v7-m\libgcc.a(_arm_fixsfsi.o)
 .debug_frame   0x00000588       0x24 c:/program files (x86)/atmel/studio/7.0/toolchain/arm/arm-gnu-toolchain/bin/../lib/gcc/arm-none-eabi/6.3.1/thumb/v7-m\libgcc.a(_arm_fixunssfsi.o)
 .debug_frame   0x000005ac       0x2c c:/program files (x86)/atmel/studio/7.0/toolchain/arm/arm-gnu-toolchain/bin/../lib/gcc/arm-none-eabi/6.3.1/../../../../arm-none-eabi/lib/thumb/v7-m\libc.a(lib_a-init.o)
 .debug_frame   0x000005d8       0x5c c:/program files (x86)/atmel/studio/7.0/toolchain/arm/arm-gnu-toolchain/bin/../lib/gcc/arm-none-eabi/6.3.1/../../../../arm-none-eabi/lib/thumb/v7-m\libc.a(lib_a-__call_atexit.o)
 .debug_frame   0x00000634       0x20 c:/program files (x86)/atmel/studio/7.0/toolchain/arm/arm-gnu-toolchain/bin/../lib/gcc/arm-none-eabi/6.3.1/../../../../arm-none-eabi/lib/thumb/v7-m\libc.a(lib_a-atexit.o)
 .debug_frame   0x00000654       0x34 c:/program files (x86)/atmel/studio/7.0/toolchain/arm/arm-gnu-toolchain/bin/../lib/gcc/arm-none-eabi/6.3.1/../../../../arm-none-eabi/lib/thumb/v7-m\libc.a(lib_a-fini.o)
 .debug_frame   0x00000688       0xb0 c:/program files (x86)/atmel/studio/7.0/toolchain/arm/arm-gnu-toolchain/bin/../lib/gcc/arm-none-eabi/6.3.1/../../../../arm-none-eabi/lib/thumb/v7-m\libc.a(lib_a-lock.o)
 .debug_frame   0x00000738       0x34 c:/program files (x86)/atmel/studio/7.0/toolchain/arm/arm-gnu-toolchain/bin/../lib/gcc/arm-none-eabi/6.3.1/../../../../arm-none-eabi/lib/thumb/v7-m\libc.a(lib_a-__atexit.o)
