Archive member included to satisfy reference by file (symbol)

c:/program files (x86)/atmel/studio/7.0/toolchain/arm/arm-gnu-toolchain/bin/../lib/gcc/arm-none-eabi/6.3.1/thumb/v7-m\libgcc.a(_arm_addsubdf3.o)
                              PWM.o (__aeabi_dsub)
c:/program files (x86)/atmel/studio/7.0/toolchain/arm/arm-gnu-toolchain/bin/../lib/gcc/arm-none-eabi/6.3.1/thumb/v7-m\libgcc.a(_arm_muldivdf3.o)
                              PWM.o (__aeabi_dmul)
c:/program files (x86)/atmel/studio/7.0/toolchain/arm/arm-gnu-toolchain/bin/../lib/gcc/arm-none-eabi/6.3.1/thumb/v7-m\libgcc.a(_arm_truncdfsf2.o)
                              PWM.o (__aeabi_d2f)
c:/program files (x86)/atmel/studio/7.0/toolchain/arm/arm-gnu-toolchain/bin/../lib/gcc/arm-none-eabi/6.3.1/thumb/v7-m\libgcc.a(_arm_muldivsf3.o)
                              PWM.o (__aeabi_fmul)
c:/program files (x86)/atmel/studio/7.0/toolchain/arm/arm-gnu-toolchain/bin/../lib/gcc/arm-none-eabi/6.3.1/thumb/v7-m\libgcc.a(_arm_fixsfsi.o)
                              PWM.o (__aeabi_f2iz)
c:/program files (x86)/atmel/studio/7.0/toolchain/arm/arm-gnu-toolchain/bin/../lib/gcc/arm-none-eabi/6.3.1/../../../../arm-none-eabi/lib/thumb/v7-m\libc.a(lib_a-exit.o)
                              c:/program files (x86)/atmel/studio/7.0/toolchain/arm/arm-gnu-toolchain/bin/../lib/gcc/arm-none-eabi/6.3.1/../../../../arm-none-eabi/lib/thumb/v7-m/crt0.o (exit)
c:/program files (x86)/atmel/studio/7.0/toolchain/arm/arm-gnu-toolchain/bin/../lib/gcc/arm-none-eabi/6.3.1/../../../../arm-none-eabi/lib/thumb/v7-m\libc.a(lib_a-impure.o)
                              c:/program files (x86)/atmel/studio/7.0/toolchain/arm/arm-gnu-toolchain/bin/../lib/gcc/arm-none-eabi/6.3.1/../../../../arm-none-eabi/lib/thumb/v7-m\libc.a(lib_a-exit.o) (_global_impure_ptr)
c:/program files (x86)/atmel/studio/7.0/toolchain/arm/arm-gnu-toolchain/bin/../lib/gcc/arm-none-eabi/6.3.1/../../../../arm-none-eabi/lib/thumb/v7-m\libc.a(lib_a-init.o)
                              c:/program files (x86)/atmel/studio/7.0/toolchain/arm/arm-gnu-toolchain/bin/../lib/gcc/arm-none-eabi/6.3.1/../../../../arm-none-eabi/lib/thumb/v7-m/crt0.o (__libc_init_array)
c:/program files (x86)/atmel/studio/7.0/toolchain/arm/arm-gnu-toolchain/bin/../lib/gcc/arm-none-eabi/6.3.1/../../../../arm-none-eabi/lib/thumb/v7-m\libc.a(lib_a-memset.o)
                              c:/program files (x86)/atmel/studio/7.0/toolchain/arm/arm-gnu-toolchain/bin/../lib/gcc/arm-none-eabi/6.3.1/../../../../arm-none-eabi/lib/thumb/v7-m/crt0.o (memset)
c:/program files (x86)/atmel/studio/7.0/toolchain/arm/arm-gnu-toolchain/bin/../lib/gcc/arm-none-eabi/6.3.1/../../../../arm-none-eabi/lib/thumb/v7-m\libc.a(lib_a-__call_atexit.o)
                              c:/program files (x86)/atmel/studio/7.0/toolchain/arm/arm-gnu-toolchain/bin/../lib/gcc/arm-none-eabi/6.3.1/../../../../arm-none-eabi/lib/thumb/v7-m\libc.a(lib_a-exit.o) (__call_exitprocs)
c:/program files (x86)/atmel/studio/7.0/toolchain/arm/arm-gnu-toolchain/bin/../lib/gcc/arm-none-eabi/6.3.1/../../../../arm-none-eabi/lib/thumb/v7-m\libc.a(lib_a-atexit.o)
                              c:/program files (x86)/atmel/studio/7.0/toolchain/arm/arm-gnu-toolchain/bin/../lib/gcc/arm-none-eabi/6.3.1/../../../../arm-none-eabi/lib/thumb/v7-m\libc.a(lib_a-__call_atexit.o) (atexit)
c:/program files (x86)/atmel/studio/7.0/toolchain/arm/arm-gnu-toolchain/bin/../lib/gcc/arm-none-eabi/6.3.1/../../../../arm-none-eabi/lib/thumb/v7-m\libc.a(lib_a-fini.o)
                              c:/program files (x86)/atmel/studio/7.0/toolchain/arm/arm-gnu-toolchain/bin/../lib/gcc/arm-none-eabi/6.3.1/../../../../arm-none-eabi/lib/thumb/v7-m\libc.a(lib_a-__call_atexit.o) (__libc_fini_array)
c:/program files (x86)/atmel/studio/7.0/toolchain/arm/arm-gnu-toolchain/bin/../lib/gcc/arm-none-eabi/6.3.1/../../../../arm-none-eabi/lib/thumb/v7-m\libc.a(lib_a-lock.o)
                              c:/program files (x86)/atmel/studio/7.0/toolchain/arm/arm-gnu-toolchain/bin/../lib/gcc/arm-none-eabi/6.3.1/../../../../arm-none-eabi/lib/thumb/v7-m\libc.a(lib_a-__call_atexit.o) (__retarget_lock_acquire_recursive)
c:/program files (x86)/atmel/studio/7.0/toolchain/arm/arm-gnu-toolchain/bin/../lib/gcc/arm-none-eabi/6.3.1/../../../../arm-none-eabi/lib/thumb/v7-m\libc.a(lib_a-__atexit.o)
                              c:/program files (x86)/atmel/studio/7.0/toolchain/arm/arm-gnu-toolchain/bin/../lib/gcc/arm-none-eabi/6.3.1/../../../../arm-none-eabi/lib/thumb/v7-m\libc.a(lib_a-atexit.o) (__register_exitproc)

Allocating common symbols
Common symbol       size              file

__lock___atexit_recursive_mutex
                    0x1               c:/program files (x86)/atmel/studio/7.0/toolchain/arm/arm-gnu-toolchain/bin/../lib/gcc/arm-none-eabi/6.3.1/../../../../arm-none-eabi/lib/thumb/v7-m\libc.a(lib_a-lock.o)
__lock___arc4random_mutex
[...]
Memory Configuration

Name             Origin             Length             Attributes
rom              0x00080000         0x00080000         xr
ram              0x20000000         0x00018000         xrw
*default*        0x00000000         0xffffffff

Linker script and memory map

LOAD c:/program files (x86)/atmel/studio/7.0/toolchain/arm/arm-gnu-toolchain/bin/../lib/gcc/arm-none-eabi/6.3.1/thumb/v7-m/crti.o
LOAD c:/program files (x86)/atmel/studio/7.0/toolchain/arm/arm-gnu-toolchain/bin/../lib/gcc/arm-none-eabi/6.3.1/thumb/v7-m/crtbegin.o
LOAD c:/program files (x86)/atmel/studio/7.0/toolchain/arm/arm-gnu-toolchain/bin/../lib/gcc/arm-none-eabi/6.3.1/../../../../arm-none-eabi/lib/thumb/v7-m/crt0.o
LOAD ir.o
LOAD can_controller.o
LOAD can_interrupt.o
LOAD Device_Startup/startup_sam3xa.o
LOAD Device_Startup/system_sam3xa.o
LOAD main.o
LOAD printf-stdarg.o
LOAD PWM.o
LOAD score.o
LOAD uart.o
START GROUP
LOAD c:/program files (x86)/atmel/studio/7.0/toolchain/arm/arm-gnu-toolchain/bin/../lib/gcc/arm-none-eabi/6.3.1/../../../../arm-none-eabi/lib/thumb/v7-m\libm.a
END GROUP
START GROUP
LOAD c:/program files (x86)/atmel/studio/7.0/toolchain/arm/arm-gnu-toolchain/bin/../lib/gcc/arm-none-eabi/6.3.1/thumb/v7-m\libgcc.a
LOAD c:/program files (x86)/atmel/studio/7.0/toolchain/arm/arm-gnu-toolchain/bin/../lib/gcc/arm-none-eabi/6.3.1/../../../../arm-none-eabi/lib/thumb/v7-m\libc.a
END GROUP
LOAD c:/program files (x86)/atmel/studio/7.0/toolchain/arm/arm-gnu-toolchain/bin/../lib/gcc/arm-none-eabi/6.3.1/thumb/v7-m/crtend.o
LOAD c:/program files (x86)/atmel/studio/7.0/toolchain/arm/arm-gnu-toolchain/bin/../lib/gcc/arm-none-eabi/6.3.1/thumb/v7-m/crtn.o
                0x00000400                STACK_SIZE = DEFINED (STACK_SIZE)?STACK_SIZE:0x400
                0x00000200                HEAP_SIZE = DEFINED (HEAP_SIZE)?HEAP_SIZE:0x200

.text           0x00080000     0x1768
                0x00080000                . = ALIGN (0x4)
                0x00080000                _sfixed = .
 *(.vectors .vectors.*)
 .vectors       0x00080000       0xf4 Device_Startup/startup_sam3xa.o
                0x00080000                exception_table
 *(.text .text.* .gnu.linkonce.t.*)
 .text          0x000800f4       0x6c c:/program files (x86)/atmel/studio/7.0/toolchain/arm/arm-gnu-toolchain/bin/../lib/gcc/arm-none-eabi/6.3.1/thumb/v7-m/crtbegin.o
 .text.adc_init
                0x00080160       0x40 ir.o
                0x00080160                adc_init
 .text.adc_read
                0x000801a0        0xc ir.o
                0x000801a0                adc_read
 .text.score    0x000801ac       0x30 ir.o
                0x000801ac                score
 .text.can_init
                0x000801dc       0xe4 can_controller.o
                0x000801dc                can_init
 .text.can_init_def_tx_rx_mb
                0x000802c0       0x10 can_controller.o
                0x000802c0                can_init_def_tx_rx_mb
 .text.can_receive
                0x000802d0       0x84 can_controller.o
                0x000802d0                can_receive
 .text.CAN0_Handler
                0x00080354       0x70 can_interrupt.o
                0x00080354                CAN0_Handler
 .text.Dummy_Handler
                0x000803c4        0x2 Device_Startup/startup_sam3xa.o
                0x000803c4                DACC_Handler
                0x000803c4                DebugMon_Handler
                0x000803c4                DMAC_Handler
                0x000803c4                TRNG_Handler
                0x000803c4                HardFault_Handler
                0x000803c4                TC2_Handler
                0x000803c4                SysTick_Handler
                0x000803c4                USART3_Handler
                0x000803c4                TWI1_Handler
                0x000803c4                PendSV_Handler
                0x000803c4                NMI_Handler
                0x000803c4                TC7_Handler
                0x000803c4                ADC_Handler
                0x000803c4                SMC_Handler
                0x000803c4                USART0_Handler
                0x000803c4                RTT_Handler
                0x000803c4                EFC1_Handler
                0x000803c4                PIOB_Handler
                0x000803c4                RTC_Handler
                0x000803c4                UsageFault_Handler
                0x000803c4                TC6_Handler
                0x000803c4                WDT_Handler
                0x000803c4                TC4_Handler
                0x000803c4                TC1_Handler
                0x000803c4                HSMCI_Handler
                0x000803c4                TC3_Handler
                0x000803c4                Dummy_Handler
                0x000803c4                TWI0_Handler
                0x000803c4                USART1_Handler
                0x000803c4                PIOA_Handler
                0x000803c4                SSC_Handler
                0x000803c4                EFC0_Handler
                0x000803c4                PMC_Handler
                0x000803c4                PWM_Handler
                0x000803c4                CAN1_Handler
                0x000803c4                MemManage_Handler
                0x000803c4                SUPC_Handler
                0x000803c4                SVC_Handler
                0x000803c4                TC8_Handler
                0x000803c4                USART2_Handler
                0x000803c4                PIOD_Handler
                0x000803c4                EMAC_Handler
                0x000803c4                PIOC_Handler
                0x000803c4                BusFault_Handler
                0x000803c4                RSTC_Handler
                0x000803c4                TC0_Handler
                0x000803c4                TC5_Handler
                0x000803c4                UOTGHS_Handler
                0x000803c4                SPI0_Handler
 *fill*         0x000803c6        0x2 
 .text.Reset_Handler
                0x000803c8       0x6c Device_Startup/startup_sam3xa.o
                0x000803c8                Reset_Handler
 .text.SystemInit
                0x00080434       0xa4 Device_Startup/system_sam3xa.o
                0x00080434                SystemInit
 .text.main     0x000804d8       0x90 main.o
                0x000804d8                main
 .text.printchar
                0x00080568       0x10 printf-stdarg.o
 .text.prints   0x00080578       0x84 printf-stdarg.o
 .text.printi   0x000805fc       0xac printf-stdarg.o
 .text.print    0x000806a8      0x150 printf-stdarg.o
 .text.printf   0x000807f8       0x24 printf-stdarg.o
                0x000807f8                printf
 .text.pwm_init
                0x0008081c       0x68 PWM.o
                0x0008081c                pwm_init
 *fill*         0x00080884        0x4 
 .text.pwm_set_duty
                0x00080888       0xd0 PWM.o
                0x00080888                pwm_set_duty
 .text.configure_uart
                0x00080958       0x68 uart.o
                0x00080958                configure_uart
 .text.uart_putchar
                0x000809c0       0x24 uart.o
                0x000809c0                uart_putchar
 .text.UART_Handler
                0x000809e4       0x68 uart.o
                0x000809e4                UART_Handler
 .text          0x00080a4c      0x370 c:/program files (x86)/atmel/studio/7.0/toolchain/arm/arm-gnu-toolchain/bin/../lib/gcc/arm-none-eabi/6.3.1/thumb/v7-m\libgcc.a(_arm_addsubdf3.o)
                0x00080a4c                __aeabi_drsub
                0x00080a54                __aeabi_dsub
                0x00080a54                __subdf3
                0x00080a58                __aeabi_dadd
                0x00080a58                __adddf3
                0x00080cd0                __floatunsidf
                0x00080cd0                __aeabi_ui2d
                0x00080cf0                __floatsidf
                0x00080cf0                __aeabi_i2d
                0x00080d14                __aeabi_f2d
                0x00080d14                __extendsfdf2
                0x00080d50                __floatundidf
                0x00080d50                __aeabi_ul2d
                0x00080d60                __floatdidf
                0x00080d60                __aeabi_l2d
 .text          0x00080dbc      0x424 c:/program files (x86)/atmel/studio/7.0/toolchain/arm/arm-gnu-toolchain/bin/../lib/gcc/arm-none-eabi/6.3.1/thumb/v7-m\libgcc.a(_arm_muldivdf3.o)
                0x00080dbc                __aeabi_dmul
                0x00080dbc                __muldf3
                0x00081010                __divdf3
                0x00081010                __aeabi_ddiv
 .text          0x000811e0       0xa0 c:/program files (x86)/atmel/studio/7.0/toolchain/arm/arm-gnu-toolchain/bin/../lib/gcc/arm-none-eabi/6.3.1/thumb/v7-m\libgcc.a(_arm_truncdfsf2.o)
                0x000811e0                __truncdfsf2
                0x000811e0                __aeabi_d2f
 .text          0x00081280      0x2a0 c:/program files (x86)/atmel/studio/7.0/toolchain/arm/arm-gnu-toolchain/bin/../lib/gcc/arm-none-eabi/6.3.1/thumb/v7-m\libgcc.a(_arm_muldivsf3.o)
                0x00081280                __mulsf3
                0x00081280                __aeabi_fmul
                0x000813e8                __aeabi_fdiv
                0x000813e8                __divsf3
 .text          0x00081520       0x4c c:/program files (x86)/atmel/studio/7.0/toolchain/arm/arm-gnu-toolchain/bin/../lib/gcc/arm-none-eabi/6.3.1/thumb/v7-m\libgcc.a(_arm_fixsfsi.o)
                0x00081520                __aeabi_f2iz
                0x00081520                __fixsfsi
 .text.__libc_init_array
                0x0008156c       0x50 c:/program files (x86)/atmel/studio/7.0/toolchain/arm/arm-gnu-toolchain/bin/../lib/gcc/arm-none-eabi/6.3.1/../../../../arm-none-eabi/lib/thumb/v7-m\libc.a(lib_a-init.o)
                0x0008156c                __libc_init_array
 .text.startup.register_fini
                0x000815bc       0x14 c:/program files (x86)/atmel/studio/7.0/toolchain/arm/arm-gnu-toolchain/bin/../lib/gcc/arm-none-eabi/6.3.1/../../../../arm-none-eabi/lib/thumb/v7-m\libc.a(lib_a-__call_atexit.o)
 .text.atexit   0x000815d0        0xc c:/program files (x86)/atmel/studio/7.0/toolchain/arm/arm-gnu-toolchain/bin/../lib/gcc/arm-none-eabi/6.3.1/../../../../arm-none-eabi/lib/thumb/v7-m\libc.a(lib_a-atexit.o)
                0x000815d0                atexit
 .text.__libc_fini_array
                0x000815dc       0x34 c:/program files (x86)/atmel/studio/7.0/toolchain/arm/arm-gnu-toolchain/bin/../lib/gcc/arm-none-eabi/6.3.1/../../../../arm-none-eabi/lib/thumb/v7-m\libc.a(lib_a-fini.o)
                0x000815dc                __libc_fini_array
 .text.__retarget_lock_acquire_recursive
                0x00081610        0x4 c:/program files (x86)/atmel/studio/7.0/toolchain/arm/arm-gnu-toolchain/bin/../lib/gcc/arm-none-eabi/6.3.1/../../../../arm-none-eabi/lib/thumb/v7-m\libc.a(lib_a-lock.o)
                0x00081610                __retarget_lock_acquire_recursive
 .text.__retarget_lock_release_recursive
                0x00081614        0x4 c:/program files (x86)/atmel/studio/7.0/toolchain/arm/arm-gnu-toolchain/bin/../lib/gcc/arm-none-eabi/6.3.1/../../../../arm-none-eabi/lib/thumb/v7-m\libc.a(lib_a-lock.o)
                0x00081614                __retarget_lock_release_recursive
 .text.__register_exitproc
                0x00081618       0xc4 c:/program files (x86)/atmel/studio/7.0/toolchain/arm/arm-gnu-toolchain/bin/../lib/gcc/arm-none-eabi/6.3.1/../../../../arm-none-eabi/lib/thumb/v7-m\libc.a(lib_a-__atexit.o)
                0x00081618                __register_exitproc
 *(.glue_7t)
 .glue_7t       0x000816dc        0x0 linker stubs
 *(.glue_7)
 .glue_7        0x000816dc        0x0 linker stubs
 *(.rodata .rodata* .gnu.linkonce.r.*)
 .rodata.str1.4
                0x000816dc       0x2b can_interrupt.o
 *fill*         0x00081707        0x1 
 .rodata.str1.4
                0x00081708        0xf main.o
 *fill*         0x00081717        0x1 
 .rodata.str1.4
                0x00081718        0x7 printf-stdarg.o
 *fill*         0x0008171f        0x1 
 .rodata.str1.4
                0x00081720       0x20 uart.o
                                 0x1e (size before relaxing)
 .rodata._global_impure_ptr
                0x00081740        0x4 c:/program files (x86)/atmel/studio/7.0/toolchain/arm/arm-gnu-toolchain/bin/../lib/gcc/arm-none-eabi/6.3.1/../../../../arm-none-eabi/lib/thumb/v7-m\libc.a(lib_a-impure.o)
                0x00081740                _global_impure_ptr
 *(.ARM.extab* .gnu.linkonce.armextab.*)
                0x00081744                . = ALIGN (0x4)
 *(.init)
 .init          0x00081744        0x4 c:/program files (x86)/atmel/studio/7.0/toolchain/arm/arm-gnu-toolchain/bin/../lib/gcc/arm-none-eabi/6.3.1/thumb/v7-m/crti.o
                0x00081744                _init
 .init          0x00081748        0x8 c:/program files (x86)/atmel/studio/7.0/toolchain/arm/arm-gnu-toolchain/bin/../lib/gcc/arm-none-eabi/6.3.1/thumb/v7-m/crtn.o
                0x00081750                . = ALIGN (0x4)
                0x00081750                __preinit_array_start = .
 *(.preinit_array)
                0x00081750                __preinit_array_end = .
                0x00081750                . = ALIGN (0x4)
                0x00081750                __init_array_start = .
 *(SORT(.init_array.*))
 .init_array.00000
                0x00081750        0x4 c:/program files (x86)/atmel/studio/7.0/toolchain/arm/arm-gnu-toolchain/bin/../lib/gcc/arm-none-eabi/6.3.1/../../../../arm-none-eabi/lib/thumb/v7-m\libc.a(lib_a-__call_atexit.o)
 *(.init_array)
 .init_array    0x00081754        0x4 c:/program files (x86)/atmel/studio/7.0/toolchain/arm/arm-gnu-toolchain/bin/../lib/gcc/arm-none-eabi/6.3.1/thumb/v7-m/crtbegin.o
                0x00081758                __init_array_end = .
                0x00081758                . = ALIGN (0x4)
 *crtbegin.o(.ctors)
 *(EXCLUDE_FILE(*crtend.o) .ctors)
 *(SORT(.ctors.*))
 *crtend.o(.ctors)
                0x00081758                . = ALIGN (0x4)
 *(.fini)
 .fini          0x00081758        0x4 c:/program files (x86)/atmel/studio/7.0/toolchain/arm/arm-gnu-toolchain/bin/../lib/gcc/arm-none-eabi/6.3.1/thumb/v7-m/crti.o
                0x00081758                _fini
 .fini          0x0008175c        0x8 c:/program files (x86)/atmel/studio/7.0/toolchain/arm/arm-gnu-toolchain/bin/../lib/gcc/arm-none-eabi/6.3.1/thumb/v7-m/crtn.o
                0x00081764                . = ALIGN (0x4)
                0x00081764                __fini_array_start = .
 *(.fini_array)
 .fini_array    0x00081764        0x4 c:/program files (x86)/atmel/studio/7.0/toolchain/arm/arm-gnu-toolchain/bin/../lib/gcc/arm-none-eabi/6.3.1/thumb/v7-m/crtbegin.o
 *(SORT(.fini_array.*))
                0x00081768                __fini_array_end = .
 *crtbegin.o(.dtors)
 *(EXCLUDE_FILE(*crtend.o) .dtors)
 *(SORT(.dtors.*))
 *crtend.o(.dtors)
                0x00081768                . = ALIGN (0x4)
                0x00081768                _efixed = .
                [!provide]                PROVIDE (__exidx_start, .)

.vfp11_veneer   0x00081768        0x0
 .vfp11_veneer  0x00081768        0x0 linker stubs

.v4_bx          0x00081768        0x0
 .v4_bx         0x00081768        0x0 linker stubs

.iplt           0x00081768        0x0
 .iplt          0x00081768        0x0 c:/program files (x86)/atmel/studio/7.0/toolchain/arm/arm-gnu-toolchain/bin/../lib/gcc/arm-none-eabi/6.3.1/thumb/v7-m/crtbegin.o

.eh_frame       0x00081768        0x0
 .eh_frame      0x00081768        0x0 c:/program files (x86)/atmel/studio/7.0/toolchain/arm/arm-gnu-toolchain/bin/../lib/gcc/arm-none-eabi/6.3.1/thumb/v7-m/crtbegin.o

.rel.dyn        0x00081768        0x0
 .rel.iplt      0x00081768        0x0 c:/program files (x86)/atmel/studio/7.0/toolchain/arm/arm-gnu-toolchain/bin/../lib/gcc/arm-none-eabi/6.3.1/thumb/v7-m/crtbegin.o

.jcr            0x00081768        0x0
 .jcr           0x00081768        0x0 c:/program files (x86)/atmel/studio/7.0/toolchain/arm/arm-gnu-toolchain/bin/../lib/gcc/arm-none-eabi/6.3.1/thumb/v7-m/crtbegin.o

.igot.plt       0x00081768        0x0
 .igot.plt      0x00081768        0x0 c:/program files (x86)/atmel/studio/7.0/toolchain/arm/arm-gnu-toolchain/bin/../lib/gcc/arm-none-eabi/6.3.1/thumb/v7-m/crtbegin.o

.ARM.exidx
 *(.ARM.exidx* .gnu.linkonce.armexidx.*)
                [!provide]                PROVIDE (__exidx_end, .)
                0x00081768                . = ALIGN (0x4)
                0x00081768                _etext = .

.relocate       0x20000000      0x434 load address 0x00081768
                0x20000000                . = ALIGN (0x4)
                0x20000000                _srelocate = .
 *(.ramfunc .ramfunc.*)
 *(.data .data.*)
 .data          0x20000000        0x4 Device_Startup/system_sam3xa.o
                0x20000000                SystemCoreClock
 *fill*         0x20000004        0x4 
 .data.impure_data
                0x20000008      0x428 c:/program files (x86)/atmel/studio/7.0/toolchain/arm/arm-gnu-toolchain/bin/../lib/gcc/arm-none-eabi/6.3.1/../../../../arm-none-eabi/lib/thumb/v7-m\libc.a(lib_a-impure.o)
 .data.__atexit_recursive_mutex
                0x20000430        0x4 c:/program files (x86)/atmel/studio/7.0/toolchain/arm/arm-gnu-toolchain/bin/../lib/gcc/arm-none-eabi/6.3.1/../../../../arm-none-eabi/lib/thumb/v7-m\libc.a(lib_a-__call_atexit.o)
                0x20000430                __atexit_recursive_mutex
                0x20000434                . = ALIGN (0x4)
                0x20000434                _erelocate = .

.bss            0x20000434       0x84 load address 0x00081b9c
                0x20000434                . = ALIGN (0x4)
                0x20000434                _sbss = .
                0x20000434                _szero = .
 *(.bss .bss.*)
 .bss           0x20000434       0x1c c:/program files (x86)/atmel/studio/7.0/toolchain/arm/arm-gnu-toolchain/bin/../lib/gcc/arm-none-eabi/6.3.1/thumb/v7-m/crtbegin.o
 *(COMMON)
 COMMON         0x20000450       0x42 uart.o
                0x20000450                rx_buffer
 *fill*         0x20000492        0x2 
 COMMON         0x20000494       0x21 c:/program files (x86)/atmel/studio/7.0/toolchain/arm/arm-gnu-toolchain/bin/../lib/gcc/arm-none-eabi/6.3.1/../../../../arm-none-eabi/lib/thumb/v7-m\libc.a(lib_a-lock.o)
                0x20000494                __lock___atexit_recursive_mutex
                0x20000498                __lock___arc4random_mutex
                0x2000049c                __lock___env_recursive_mutex
                0x200004a0                __lock___sinit_recursive_mutex
                0x200004a4                __lock___malloc_recursive_mutex
                0x200004a8                __lock___at_quick_exit_mutex
                0x200004ac                __lock___dd_hash_mutex
                0x200004b0                __lock___tz_mutex
                0x200004b4                __lock___sfp_recursive_mutex
                0x200004b8                . = ALIGN (0x4)
 *fill*         0x200004b5        0x3 
                0x200004b8                _ebss = .
                0x200004b8                _ezero = .

.stack          0x200004b8      0x400 load address 0x00081c20
                0x200004b8                . = ALIGN (0x8)
                0x200004b8                _sstack = .
                0x200008b8                . = (. + STACK_SIZE)
 *fill*         0x200004b8      0x400 
                0x200008b8                . = ALIGN (0x8)
                0x200008b8                _estack = .

.heap           0x200008b8      0x200 load address 0x00082020
                0x200008b8                . = ALIGN (0x8)
                0x200008b8                _sheap = .
                0x20000ab8                . = (. + HEAP_SIZE)
 *fill*         0x200008b8      0x200 
                0x20000ab8                . = ALIGN (0x8)
                0x20000ab8                _eheap = .
                0x20000ab8                . = ALIGN (0x4)
                0x20000ab8                _end = .
                0x20017fff                _ram_end_ = ((ORIGIN (ram) + LENGTH (ram)) - 0x1)
OUTPUT(node2.elf elf32-littlearm)

.ARM.attributes
                0x00000000       0x29
 .ARM.attributes
                0x00000000       0x1d c:/program files (x86)/atmel/studio/7.0/toolchain/arm/arm-gnu-toolchain/bin/../lib/gcc/arm-none-eabi/6.3.1/thumb/v7-m/crti.o
 .ARM.attributes
                0x0000001d       0x2d c:/program files (x86)/atmel/studio/7.0/toolchain/arm/arm-gnu-toolchain/bin/../lib/gcc/arm-none-eabi/6.3.1/thumb/v7-m/crtbegin.o
 .ARM.attributes
                0x0000004a       0x33 ir.o
 .ARM.attributes
                0x0000007d       0x33 can_controller.o
 .ARM.attributes
                0x000000b0       0x33 can_interrupt.o
 .ARM.attributes
                0x000000e3       0x33 Device_Startup/startup_sam3xa.o
 .ARM.attributes
                0x00000116       0x33 Device_Startup/system_sam3xa.o
 .ARM.attributes
                0x00000149       0x33 main.o
 .ARM.attributes
                0x0000017c       0x33 printf-stdarg.o
 .ARM.attributes
                0x000001af       0x33 PWM.o
 .ARM.attributes
                0x000001e2       0x33 uart.o
 .ARM.attributes
                0x00000215       0x1d c:/program files (x86)/atmel/studio/7.0/toolchain/arm/arm-gnu-toolchain/bin/../lib/gcc/arm-none-eabi/6.3.1/thumb/v7-m\libgcc.a(_arm_addsubdf3.o)
 .ARM.attributes
                0x00000232       0x1d c:/program files (x86)/atmel/studio/7.0/toolchain/arm/arm-gnu-toolchain/bin/../lib/gcc/arm-none-eabi/6.3.1/thumb/v7-m\libgcc.a(_arm_muldivdf3.o)
 .ARM.attributes
                0x0000024f       0x1d c:/program files (x86)/atmel/studio/7.0/toolchain/arm/arm-gnu-toolchain/bin/../lib/gcc/arm-none-eabi/6.3.1/thumb/v7-m\libgcc.a(_arm_truncdfsf2.o)
 .ARM.attributes
                0x0000026c       0x1d c:/program files (x86)/atmel/studio/7.0/toolchain/arm/arm-gnu-toolchain/bin/../lib/gcc/arm-none-eabi/6.3.1/thumb/v7-m\libgcc.a(_arm_muldivsf3.o)
 .ARM.attributes
                0x00000289       0x1d c:/program files (x86)/atmel/studio/7.0/toolchain/arm/arm-gnu-toolchain/bin/../lib/gcc/arm-none-eabi/6.3.1/thumb/v7-m\libgcc.a(_arm_fixsfsi.o)
 .ARM.attributes
                0x000002a6       0x2d c:/program files (x86)/atmel/studio/7.0/toolchain/arm/arm-gnu-toolchain/bin/../lib/gcc/arm-none-eabi/6.3.1/../../../../arm-none-eabi/lib/thumb/v7-m\libc.a(lib_a-impure.o)
 .ARM.attributes
                0x000002d3       0x2d c:/program files (x86)/atmel/studio/7.0/toolchain/arm/arm-gnu-toolchain/bin/../lib/gcc/arm-none-eabi/6.3.1/../../../../arm-none-eabi/lib/thumb/v7-m\libc.a(lib_a-init.o)
 .ARM.attributes
                0x00000300       0x2d c:/program files (x86)/atmel/studio/7.0/toolchain/arm/arm-gnu-toolchain/bin/../lib/gcc/arm-none-eabi/6.3.1/../../../../arm-none-eabi/lib/thumb/v7-m\libc.a(lib_a-__call_atexit.o)
 .ARM.attributes
                0x0000032d       0x2d c:/program files (x86)/atmel/studio/7.0/toolchain/arm/arm-gnu-toolchain/bin/../lib/gcc/arm-none-eabi/6.3.1/../../../../arm-none-eabi/lib/thumb/v7-m\libc.a(lib_a-atexit.o)
 .ARM.attributes
                0x0000035a       0x2d c:/program files (x86)/atmel/studio/7.0/toolchain/arm/arm-gnu-toolchain/bin/../lib/gcc/arm-none-eabi/6.3.1/../../../../arm-none-eabi/lib/thumb/v7-m\libc.a(lib_a-fini.o)
 .ARM.attributes
                0x00000387       0x2d c:/program files (x86)/atmel/studio/7.0/toolchain/arm/arm-gnu-toolchain/bin/../lib/gcc/arm-none-eabi/6.3.1/../../../../arm-none-eabi/lib/thumb/v7-m\libc.a(lib_a-lock.o)
 .ARM.attributes
                0x000003b4       0x2d c:/program files (x86)/atmel/studio/7.0/toolchain/arm/arm-gnu-toolchain/bin/../lib/gcc/arm-none-eabi/6.3.1/../../../../arm-none-eabi/lib/thumb/v7-m\libc.a(lib_a-__atexit.o)
 .ARM.attributes
                0x000003e1       0x1d c:/program files (x86)/atmel/studio/7.0/toolchain/arm/arm-gnu-toolchain/bin/../lib/gcc/arm-none-eabi/6.3.1/thumb/v7-m/crtn.o

.comment        0x00000000       0x59
 .comment       0x00000000       0x59 ir.o
                                 0x5a (size before relaxing)
 .comment       0x00000059       0x5a can_controller.o
 .comment       0x00000059       0x5a can_interrupt.o
 .comment       0x00000059       0x5a Device_Startup/startup_sam3xa.o
 .comment       0x00000059       0x5a Device_Startup/system_sam3xa.o
 .comment       0x00000059       0x5a main.o
 .comment       0x00000059       0x5a printf-stdarg.o
 .comment       0x00000059       0x5a PWM.o
 .comment       0x00000059       0x5a uart.o

.debug_info     0x00000000     0x6511
 .debug_info    0x00000000      0xf20 ir.o
 .debug_info    0x00000f20      0xd68 can_controller.o
 .debug_info    0x00001c88      0xf81 can_interrupt.o
 .debug_info    0x00002c09      0x74e Device_Startup/startup_sam3xa.o
 .debug_info    0x00003357      0x444 Device_Startup/system_sam3xa.o
 .debug_info    0x0000379b      0xf45 main.o
 .debug_info    0x000046e0      0x60b printf-stdarg.o
 .debug_info    0x00004ceb      0xbdb PWM.o
 .debug_info    0x000058c6      0xc4b uart.o

.debug_abbrev   0x00000000     0x104c
 .debug_abbrev  0x00000000      0x215 ir.o
 .debug_abbrev  0x00000215      0x212 can_controller.o
 .debug_abbrev  0x00000427      0x2bb can_interrupt.o
 .debug_abbrev  0x000006e2      0x153 Device_Startup/startup_sam3xa.o
 .debug_abbrev  0x00000835      0x102 Device_Startup/system_sam3xa.o
 .debug_abbrev  0x00000937      0x21e main.o
 .debug_abbrev  0x00000b55      0x194 printf-stdarg.o
 .debug_abbrev  0x00000ce9      0x128 PWM.o
 .debug_abbrev  0x00000e11      0x23b uart.o

.debug_loc      0x00000000      0xef3
 .debug_loc     0x00000000       0x33 ir.o
 .debug_loc     0x00000033      0x2b5 can_controller.o
 .debug_loc     0x000002e8       0x7f can_interrupt.o
 .debug_loc     0x00000367       0x78 Device_Startup/startup_sam3xa.o
 .debug_loc     0x000003df       0x4b main.o
 .debug_loc     0x0000042a      0x8d2 printf-stdarg.o
 .debug_loc     0x00000cfc      0x129 PWM.o
 .debug_loc     0x00000e25       0xce uart.o

.debug_aranges  0x00000000      0x1b0
 .debug_aranges
                0x00000000       0x30 ir.o
 .debug_aranges
                0x00000030       0x38 can_controller.o
 .debug_aranges
                0x00000068       0x20 can_interrupt.o
 .debug_aranges
                0x00000088       0x28 Device_Startup/startup_sam3xa.o
 .debug_aranges
                0x000000b0       0x30 Device_Startup/system_sam3xa.o
 .debug_aranges
                0x000000e0       0x20 main.o
 .debug_aranges
                0x00000100       0x50 printf-stdarg.o
 .debug_aranges
                0x00000150       0x28 PWM.o
 .debug_aranges
                0x00000178       0x38 uart.o

.debug_ranges   0x00000000      0x168
 .debug_ranges  0x00000000       0x38 ir.o
 .debug_ranges  0x00000038       0x28 can_controller.o
 .debug_ranges  0x00000060       0x28 can_interrupt.o
 .debug_ranges  0x00000088       0x18 Device_Startup/startup_sam3xa.o
 .debug_ranges  0x000000a0       0x20 Device_Startup/system_sam3xa.o
 .debug_ranges  0x000000c0       0x10 main.o
 .debug_ranges  0x000000d0       0x58 printf-stdarg.o
 .debug_ranges  0x00000128       0x18 PWM.o
 .debug_ranges  0x00000140       0x28 uart.o

.debug_macro    0x00000000    0x12a7d
 .debug_macro   0x00000000      0x4c3 ir.o
 .debug_macro   0x000004c3      0x8b0 ir.o
 .debug_macro   0x00000d73       0x22 ir.o
 .debug_macro   0x00000d95       0x52 ir.o
 .debug_macro   0x00000de7       0x8d ir.o
 .debug_macro   0x00000e74       0x35 ir.o
 .debug_macro   0x00000ea9       0x9c ir.o
 .debug_macro   0x00000f45       0x16 ir.o
 .debug_macro   0x00000f5b       0x57 ir.o
 .debug_macro   0x00000fb2       0x97 ir.o
 .debug_macro   0x00001049      0x353 ir.o
 .debug_macro   0x0000139c       0xf6 ir.o
 .debug_macro   0x00001492       0x10 ir.o
 .debug_macro   0x000014a2       0x58 ir.o
 .debug_macro   0x000014fa       0x1f ir.o
 .debug_macro   0x00001519       0x43 ir.o
 .debug_macro   0x0000155c       0x20 ir.o
 .debug_macro   0x0000157c      0x187 ir.o
 .debug_macro   0x00001703       0x10 ir.o
 .debug_macro   0x00001713       0x6a ir.o
 .debug_macro   0x0000177d       0x1c ir.o
 .debug_macro   0x00001799       0x52 ir.o
 .debug_macro   0x000017eb       0x40 ir.o
 .debug_macro   0x0000182b       0x10 ir.o
 .debug_macro   0x0000183b       0x40 ir.o
 .debug_macro   0x0000187b       0xd7 ir.o
 .debug_macro   0x00001952       0x16 ir.o
 .debug_macro   0x00001968      0x18b ir.o
 .debug_macro   0x00001af3       0xef ir.o
 .debug_macro   0x00001be2      0x1df ir.o
 .debug_macro   0x00001dc1       0x20 ir.o
 .debug_macro   0x00001de1       0x1c ir.o
 .debug_macro   0x00001dfd       0x22 ir.o
 .debug_macro   0x00001e1f       0xbd ir.o
 .debug_macro   0x00001edc      0xe49 ir.o
 .debug_macro   0x00002d25      0x11f ir.o
 .debug_macro   0x00002e44      0xa7d ir.o
 .debug_macro   0x000038c1      0x55a ir.o
 .debug_macro   0x00003e1b      0x1a8 ir.o
 .debug_macro   0x00003fc3      0x30b ir.o
 .debug_macro   0x000042ce      0x709 ir.o
 .debug_macro   0x000049d7       0xd6 ir.o
 .debug_macro   0x00004aad      0x56c ir.o
 .debug_macro   0x00005019       0x1c ir.o
 .debug_macro   0x00005035      0x678 ir.o
 .debug_macro   0x000056ad      0x51e ir.o
 .debug_macro   0x00005bcb       0xbe ir.o
 .debug_macro   0x00005c89     0x2333 ir.o
 .debug_macro   0x00007fbc      0x7d1 ir.o
 .debug_macro   0x0000878d      0xdbb ir.o
 .debug_macro   0x00009548       0x9a ir.o
 .debug_macro   0x000095e2      0x29c ir.o
 .debug_macro   0x0000987e       0x58 ir.o
 .debug_macro   0x000098d6      0x999 ir.o
 .debug_macro   0x0000a26f      0x22d ir.o
 .debug_macro   0x0000a49c      0x4b4 ir.o
 .debug_macro   0x0000a950      0x64a ir.o
 .debug_macro   0x0000af9a      0x590 ir.o
 .debug_macro   0x0000b52a       0x46 ir.o
 .debug_macro   0x0000b570      0x33f ir.o
 .debug_macro   0x0000b8af      0x27e ir.o
 .debug_macro   0x0000bb2d     0x14dc ir.o
 .debug_macro   0x0000d009      0x7cf ir.o
 .debug_macro   0x0000d7d8       0x76 ir.o
 .debug_macro   0x0000d84e       0x82 ir.o
 .debug_macro   0x0000d8d0       0x76 ir.o
 .debug_macro   0x0000d946       0x4c ir.o
 .debug_macro   0x0000d992      0x100 ir.o
 .debug_macro   0x0000da92      0x100 ir.o
 .debug_macro   0x0000db92      0x100 ir.o
 .debug_macro   0x0000dc92       0x88 ir.o
 .debug_macro   0x0000dd1a       0x88 ir.o
 .debug_macro   0x0000dda2      0x3b4 ir.o
 .debug_macro   0x0000e156       0xbe ir.o
 .debug_macro   0x0000e214       0xbe ir.o
 .debug_macro   0x0000e2d2       0xbe ir.o
 .debug_macro   0x0000e390       0xbe ir.o
 .debug_macro   0x0000e44e      0x2b8 ir.o
 .debug_macro   0x0000e706      0x118 ir.o
 .debug_macro   0x0000e81e      0x216 ir.o
 .debug_macro   0x0000ea34      0x216 ir.o
 .debug_macro   0x0000ec4a       0x2e ir.o
 .debug_macro   0x0000ec78       0xac ir.o
 .debug_macro   0x0000ed24      0x13e ir.o
 .debug_macro   0x0000ee62       0x7c ir.o
 .debug_macro   0x0000eede      0x1f6 ir.o
 .debug_macro   0x0000f0d4       0x64 ir.o
 .debug_macro   0x0000f138       0xa6 ir.o
 .debug_macro   0x0000f1de       0x7c ir.o
 .debug_macro   0x0000f25a       0x16 ir.o
 .debug_macro   0x0000f270       0x22 ir.o
 .debug_macro   0x0000f292       0x22 ir.o
 .debug_macro   0x0000f2b4      0x10c ir.o
 .debug_macro   0x0000f3c0      0x10c ir.o
 .debug_macro   0x0000f4cc      0x10c ir.o
 .debug_macro   0x0000f5d8      0x10c ir.o
 .debug_macro   0x0000f6e4       0x1c ir.o
 .debug_macro   0x0000f700       0x2e ir.o
 .debug_macro   0x0000f72e       0x22 ir.o
 .debug_macro   0x0000f750       0x1c ir.o
 .debug_macro   0x0000f76c       0x58 ir.o
 .debug_macro   0x0000f7c4       0x10 ir.o
 .debug_macro   0x0000f7d4      0x27a ir.o
 .debug_macro   0x0000fa4e      0xd34 ir.o
 .debug_macro   0x00010782      0x170 ir.o
 .debug_macro   0x000108f2      0x37f can_controller.o
 .debug_macro   0x00010c71       0x87 can_controller.o
 .debug_macro   0x00010cf8       0x51 can_controller.o
 .debug_macro   0x00010d49       0x26 can_controller.o
 .debug_macro   0x00010d6f       0xc3 can_controller.o
 .debug_macro   0x00010e32      0x4dd can_interrupt.o
 .debug_macro   0x0001130f      0x371 Device_Startup/startup_sam3xa.o
 .debug_macro   0x00011680      0x383 Device_Startup/system_sam3xa.o
 .debug_macro   0x00011a03      0x4f0 main.o
 .debug_macro   0x00011ef3       0x10 main.o
 .debug_macro   0x00011f03       0x58 main.o
 .debug_macro   0x00011f5b      0x34d main.o
 .debug_macro   0x000122a8       0x8e printf-stdarg.o
 .debug_macro   0x00012336       0x58 printf-stdarg.o
 .debug_macro   0x0001238e      0x37b PWM.o
 .debug_macro   0x00012709      0x374 uart.o

.debug_line     0x00000000     0x421b
 .debug_line    0x00000000      0x847 ir.o
 .debug_line    0x00000847      0x7de can_controller.o
 .debug_line    0x00001025      0x87f can_interrupt.o
 .debug_line    0x000018a4      0x728 Device_Startup/startup_sam3xa.o
 .debug_line    0x00001fcc      0x785 Device_Startup/system_sam3xa.o
 .debug_line    0x00002751      0x877 main.o
 .debug_line    0x00002fc8      0x3cb printf-stdarg.o
 .debug_line    0x00003393      0x71f PWM.o
 .debug_line    0x00003ab2      0x769 uart.o

.debug_str      0x00000000    0x552d5
 .debug_str     0x00000000    0x54087 ir.o
                              0x542ec (size before relaxing)
 .debug_str     0x00054087      0x652 can_controller.o
                              0x506e4 (size before relaxing)
 .debug_str     0x000546d9       0x59 can_interrupt.o
                              0x54511 (size before relaxing)
 .debug_str     0x00054732      0x506 Device_Startup/startup_sam3xa.o
                              0x504ce (size before relaxing)
 .debug_str     0x00054c38      0x195 Device_Startup/system_sam3xa.o
                              0x50261 (size before relaxing)
 .debug_str     0x00054dcd       0x80 main.o
                              0x543ec (size before relaxing)
 .debug_str     0x00054e4d      0x17a printf-stdarg.o
                               0x3654 (size before relaxing)
 .debug_str     0x00054fc7      0x20b PWM.o
                              0x504aa (size before relaxing)
 .debug_str     0x000551d2      0x103 uart.o
                              0x506ab (size before relaxing)

.debug_frame    0x00000000      0x690
 .debug_frame   0x00000000       0x48 ir.o
 .debug_frame   0x00000048       0x80 can_controller.o
 .debug_frame   0x000000c8       0x30 can_interrupt.o
 .debug_frame   0x000000f8       0x38 Device_Startup/startup_sam3xa.o
 .debug_frame   0x00000130       0x40 Device_Startup/system_sam3xa.o
 .debug_frame   0x00000170       0x2c main.o
 .debug_frame   0x0000019c      0x124 printf-stdarg.o
 .debug_frame   0x000002c0       0x3c PWM.o
 .debug_frame   0x000002fc       0x58 uart.o
 .debug_frame   0x00000354       0xac c:/program files (x86)/atmel/studio/7.0/toolchain/arm/arm-gnu-toolchain/bin/../lib/gcc/arm-none-eabi/6.3.1/thumb/v7-m\libgcc.a(_arm_addsubdf3.o)
 .debug_frame   0x00000400       0x50 c:/program files (x86)/atmel/studio/7.0/toolchain/arm/arm-gnu-toolchain/bin/../lib/gcc/arm-none-eabi/6.3.1/thumb/v7-m\libgcc.a(_arm_muldivdf3.o)
 .debug_frame   0x00000450       0x24 c:/program files (x86)/atmel/studio/7.0/toolchain/arm/arm-gnu-toolchain/bin/../lib/gcc/arm-none-eabi/6.3.1/thumb/v7-m\libgcc.a(_arm_truncdfsf2.o)
 .debug_frame   0x00000474       0x38 c:/program files (x86)/atmel/studio/7.0/toolchain/arm/arm-gnu-toolchain/bin/../lib/gcc/arm-none-eabi/6.3.1/thumb/v7-m\libgcc.a(_arm_muldivsf3.o)
 .debug_frame   0x000004ac       0x24 c:/program files (x86)/atmel/studio/7.0/toolchain/arm/arm-gnu-toolchain/bin/../lib/gcc/arm-none-eabi/6.3.1/thumb/v7-m\libgcc.a(_arm_fixsfsi.o)
 .debug_frame   0x000004d0       0x2c c:/program files (x86)/atmel/studio/7.0/toolchain/arm/arm-gnu-toolchain/bin/../lib/gcc/arm-none-eabi/6.3.1/../../../../arm-none-eabi/lib/thumb/v7-m\libc.a(lib_a-init.o)
 .debug_frame   0x000004fc       0x5c c:/program files (x86)/atmel/studio/7.0/toolchain/arm/arm-gnu-toolchain/bin/../lib/gcc/arm-none-eabi/6.3.1/../../../../arm-none-eabi/lib/thumb/v7-m\libc.a(lib_a-__call_atexit.o)
 .debug_frame   0x00000558       0x20 c:/program files (x86)/atmel/studio/7.0/toolchain/arm/arm-gnu-toolchain/bin/../lib/gcc/arm-none-eabi/6.3.1/../../../../arm-none-eabi/lib/thumb/v7-m\libc.a(lib_a-atexit.o)
 .debug_frame   0x00000578       0x34 c:/program files (x86)/atmel/studio/7.0/toolchain/arm/arm-gnu-toolchain/bin/../lib/gcc/arm-none-eabi/6.3.1/../../../../arm-none-eabi/lib/thumb/v7-m\libc.a(lib_a-fini.o)
 .debug_frame   0x000005ac       0xb0 c:/program files (x86)/atmel/studio/7.0/toolchain/arm/arm-gnu-toolchain/bin/../lib/gcc/arm-none-eabi/6.3.1/../../../../arm-none-eabi/lib/thumb/v7-m\libc.a(lib_a-lock.o)
 .debug_frame   0x0000065c       0x34 c:/program files (x86)/atmel/studio/7.0/toolchain/arm/arm-gnu-toolchain/bin/../lib/gcc/arm-none-eabi/6.3.1/../../../../arm-none-eabi/lib/thumb/v7-m\libc.a(lib_a-__atexit.o)
